Archive member included to satisfy reference by file (symbol)

D:/ST/STM32CubeIDE_1.13.2/STM32CubeIDE/plugins/com.st.stm32cube.ide.mcu.externaltools.gnu-tools-for-stm32.11.3.rel1.win32_1.1.1.202309131626/tools/bin/../lib/gcc/arm-none-eabi/11.3.1/../../../../arm-none-eabi/lib/thumb/v7-m/nofp\libc_nano.a(libc_a-exit.o)
                              D:/ST/STM32CubeIDE_1.13.2/STM32CubeIDE/plugins/com.st.stm32cube.ide.mcu.externaltools.gnu-tools-for-stm32.11.3.rel1.win32_1.1.1.202309131626/tools/bin/../lib/gcc/arm-none-eabi/11.3.1/../../../../arm-none-eabi/lib/thumb/v7-m/nofp/crt0.o (exit)
D:/ST/STM32CubeIDE_1.13.2/STM32CubeIDE/plugins/com.st.stm32cube.ide.mcu.externaltools.gnu-tools-for-stm32.11.3.rel1.win32_1.1.1.202309131626/tools/bin/../lib/gcc/arm-none-eabi/11.3.1/../../../../arm-none-eabi/lib/thumb/v7-m/nofp\libc_nano.a(libc_a-malloc.o)
                              ./Core/Src/scheduler.o (malloc)
D:/ST/STM32CubeIDE_1.13.2/STM32CubeIDE/plugins/com.st.stm32cube.ide.mcu.externaltools.gnu-tools-for-stm32.11.3.rel1.win32_1.1.1.202309131626/tools/bin/../lib/gcc/arm-none-eabi/11.3.1/../../../../arm-none-eabi/lib/thumb/v7-m/nofp\libc_nano.a(libc_a-mallocr.o)
                              D:/ST/STM32CubeIDE_1.13.2/STM32CubeIDE/plugins/com.st.stm32cube.ide.mcu.externaltools.gnu-tools-for-stm32.11.3.rel1.win32_1.1.1.202309131626/tools/bin/../lib/gcc/arm-none-eabi/11.3.1/../../../../arm-none-eabi/lib/thumb/v7-m/nofp\libc_nano.a(libc_a-malloc.o) (_malloc_r)
D:/ST/STM32CubeIDE_1.13.2/STM32CubeIDE/plugins/com.st.stm32cube.ide.mcu.externaltools.gnu-tools-for-stm32.11.3.rel1.win32_1.1.1.202309131626/tools/bin/../lib/gcc/arm-none-eabi/11.3.1/../../../../arm-none-eabi/lib/thumb/v7-m/nofp\libc_nano.a(libc_a-mlock.o)
                              D:/ST/STM32CubeIDE_1.13.2/STM32CubeIDE/plugins/com.st.stm32cube.ide.mcu.externaltools.gnu-tools-for-stm32.11.3.rel1.win32_1.1.1.202309131626/tools/bin/../lib/gcc/arm-none-eabi/11.3.1/../../../../arm-none-eabi/lib/thumb/v7-m/nofp\libc_nano.a(libc_a-mallocr.o) (__malloc_lock)
D:/ST/STM32CubeIDE_1.13.2/STM32CubeIDE/plugins/com.st.stm32cube.ide.mcu.externaltools.gnu-tools-for-stm32.11.3.rel1.win32_1.1.1.202309131626/tools/bin/../lib/gcc/arm-none-eabi/11.3.1/../../../../arm-none-eabi/lib/thumb/v7-m/nofp\libc_nano.a(libc_a-findfp.o)
                              D:/ST/STM32CubeIDE_1.13.2/STM32CubeIDE/plugins/com.st.stm32cube.ide.mcu.externaltools.gnu-tools-for-stm32.11.3.rel1.win32_1.1.1.202309131626/tools/bin/../lib/gcc/arm-none-eabi/11.3.1/../../../../arm-none-eabi/lib/thumb/v7-m/nofp\libc_nano.a(libc_a-exit.o) (__stdio_exit_handler)
D:/ST/STM32CubeIDE_1.13.2/STM32CubeIDE/plugins/com.st.stm32cube.ide.mcu.externaltools.gnu-tools-for-stm32.11.3.rel1.win32_1.1.1.202309131626/tools/bin/../lib/gcc/arm-none-eabi/11.3.1/../../../../arm-none-eabi/lib/thumb/v7-m/nofp\libc_nano.a(libc_a-fwalk.o)
                              D:/ST/STM32CubeIDE_1.13.2/STM32CubeIDE/plugins/com.st.stm32cube.ide.mcu.externaltools.gnu-tools-for-stm32.11.3.rel1.win32_1.1.1.202309131626/tools/bin/../lib/gcc/arm-none-eabi/11.3.1/../../../../arm-none-eabi/lib/thumb/v7-m/nofp\libc_nano.a(libc_a-findfp.o) (_fwalk_sglue)
D:/ST/STM32CubeIDE_1.13.2/STM32CubeIDE/plugins/com.st.stm32cube.ide.mcu.externaltools.gnu-tools-for-stm32.11.3.rel1.win32_1.1.1.202309131626/tools/bin/../lib/gcc/arm-none-eabi/11.3.1/../../../../arm-none-eabi/lib/thumb/v7-m/nofp\libc_nano.a(libc_a-stdio.o)
                              D:/ST/STM32CubeIDE_1.13.2/STM32CubeIDE/plugins/com.st.stm32cube.ide.mcu.externaltools.gnu-tools-for-stm32.11.3.rel1.win32_1.1.1.202309131626/tools/bin/../lib/gcc/arm-none-eabi/11.3.1/../../../../arm-none-eabi/lib/thumb/v7-m/nofp\libc_nano.a(libc_a-findfp.o) (__sread)
D:/ST/STM32CubeIDE_1.13.2/STM32CubeIDE/plugins/com.st.stm32cube.ide.mcu.externaltools.gnu-tools-for-stm32.11.3.rel1.win32_1.1.1.202309131626/tools/bin/../lib/gcc/arm-none-eabi/11.3.1/../../../../arm-none-eabi/lib/thumb/v7-m/nofp\libc_nano.a(libc_a-memset.o)
                              D:/ST/STM32CubeIDE_1.13.2/STM32CubeIDE/plugins/com.st.stm32cube.ide.mcu.externaltools.gnu-tools-for-stm32.11.3.rel1.win32_1.1.1.202309131626/tools/bin/../lib/gcc/arm-none-eabi/11.3.1/../../../../arm-none-eabi/lib/thumb/v7-m/nofp/crt0.o (memset)
D:/ST/STM32CubeIDE_1.13.2/STM32CubeIDE/plugins/com.st.stm32cube.ide.mcu.externaltools.gnu-tools-for-stm32.11.3.rel1.win32_1.1.1.202309131626/tools/bin/../lib/gcc/arm-none-eabi/11.3.1/../../../../arm-none-eabi/lib/thumb/v7-m/nofp\libc_nano.a(libc_a-closer.o)
                              D:/ST/STM32CubeIDE_1.13.2/STM32CubeIDE/plugins/com.st.stm32cube.ide.mcu.externaltools.gnu-tools-for-stm32.11.3.rel1.win32_1.1.1.202309131626/tools/bin/../lib/gcc/arm-none-eabi/11.3.1/../../../../arm-none-eabi/lib/thumb/v7-m/nofp\libc_nano.a(libc_a-stdio.o) (_close_r)
[...]
Memory Configuration

Name             Origin             Length             Attributes
RAM              0x0000000020000000 0x0000000000002800 xrw
FLASH            0x0000000008000000 0x0000000000008000 xr
*default*        0x0000000000000000 0xffffffffffffffff

Linker script and memory map

LOAD D:/ST/STM32CubeIDE_1.13.2/STM32CubeIDE/plugins/com.st.stm32cube.ide.mcu.externaltools.gnu-tools-for-stm32.11.3.rel1.win32_1.1.1.202309131626/tools/bin/../lib/gcc/arm-none-eabi/11.3.1/thumb/v7-m/nofp/crti.o
LOAD D:/ST/STM32CubeIDE_1.13.2/STM32CubeIDE/plugins/com.st.stm32cube.ide.mcu.externaltools.gnu-tools-for-stm32.11.3.rel1.win32_1.1.1.202309131626/tools/bin/../lib/gcc/arm-none-eabi/11.3.1/thumb/v7-m/nofp/crtbegin.o
LOAD D:/ST/STM32CubeIDE_1.13.2/STM32CubeIDE/plugins/com.st.stm32cube.ide.mcu.externaltools.gnu-tools-for-stm32.11.3.rel1.win32_1.1.1.202309131626/tools/bin/../lib/gcc/arm-none-eabi/11.3.1/../../../../arm-none-eabi/lib/thumb/v7-m/nofp/crt0.o
LOAD ./Core/Src/fsm_normal.o
LOAD ./Core/Src/fsm_setting.o
LOAD ./Core/Src/input_processing.o
LOAD ./Core/Src/input_reading.o
LOAD ./Core/Src/led_display.o
LOAD ./Core/Src/main.o
LOAD ./Core/Src/scheduler.o
LOAD ./Core/Src/stm32f1xx_hal_msp.o
LOAD ./Core/Src/stm32f1xx_it.o
LOAD ./Core/Src/sw_timer.o
LOAD ./Core/Src/syscalls.o
LOAD ./Core/Src/sysmem.o
LOAD ./Core/Startup/startup_stm32f103c6ux.o
LOAD ./Drivers/CMSIS/Device/ST/STM32F1xx/Source/Templates/system_stm32f1xx.o
LOAD ./Drivers/STM32F1xx_HAL_Driver/Src/stm32f1xx_hal.o
LOAD ./Drivers/STM32F1xx_HAL_Driver/Src/stm32f1xx_hal_cortex.o
LOAD ./Drivers/STM32F1xx_HAL_Driver/Src/stm32f1xx_hal_dma.o
LOAD ./Drivers/STM32F1xx_HAL_Driver/Src/stm32f1xx_hal_exti.o
LOAD ./Drivers/STM32F1xx_HAL_Driver/Src/stm32f1xx_hal_flash.o
LOAD ./Drivers/STM32F1xx_HAL_Driver/Src/stm32f1xx_hal_flash_ex.o
LOAD ./Drivers/STM32F1xx_HAL_Driver/Src/stm32f1xx_hal_gpio.o
LOAD ./Drivers/STM32F1xx_HAL_Driver/Src/stm32f1xx_hal_gpio_ex.o
LOAD ./Drivers/STM32F1xx_HAL_Driver/Src/stm32f1xx_hal_pwr.o
LOAD ./Drivers/STM32F1xx_HAL_Driver/Src/stm32f1xx_hal_rcc.o
LOAD ./Drivers/STM32F1xx_HAL_Driver/Src/stm32f1xx_hal_rcc_ex.o
LOAD ./Drivers/STM32F1xx_HAL_Driver/Src/stm32f1xx_hal_tim.o
LOAD ./Drivers/STM32F1xx_HAL_Driver/Src/stm32f1xx_hal_tim_ex.o
START GROUP
LOAD D:/ST/STM32CubeIDE_1.13.2/STM32CubeIDE/plugins/com.st.stm32cube.ide.mcu.externaltools.gnu-tools-for-stm32.11.3.rel1.win32_1.1.1.202309131626/tools/bin/../lib/gcc/arm-none-eabi/11.3.1/../../../../arm-none-eabi/lib/thumb/v7-m/nofp\libc_nano.a
LOAD D:/ST/STM32CubeIDE_1.13.2/STM32CubeIDE/plugins/com.st.stm32cube.ide.mcu.externaltools.gnu-tools-for-stm32.11.3.rel1.win32_1.1.1.202309131626/tools/bin/../lib/gcc/arm-none-eabi/11.3.1/../../../../arm-none-eabi/lib/thumb/v7-m/nofp\libm.a
END GROUP
START GROUP
LOAD D:/ST/STM32CubeIDE_1.13.2/STM32CubeIDE/plugins/com.st.stm32cube.ide.mcu.externaltools.gnu-tools-for-stm32.11.3.rel1.win32_1.1.1.202309131626/tools/bin/../lib/gcc/arm-none-eabi/11.3.1/thumb/v7-m/nofp\libgcc.a
LOAD D:/ST/STM32CubeIDE_1.13.2/STM32CubeIDE/plugins/com.st.stm32cube.ide.mcu.externaltools.gnu-tools-for-stm32.11.3.rel1.win32_1.1.1.202309131626/tools/bin/../lib/gcc/arm-none-eabi/11.3.1/../../../../arm-none-eabi/lib/thumb/v7-m/nofp\libc_nano.a
END GROUP
START GROUP
LOAD D:/ST/STM32CubeIDE_1.13.2/STM32CubeIDE/plugins/com.st.stm32cube.ide.mcu.externaltools.gnu-tools-for-stm32.11.3.rel1.win32_1.1.1.202309131626/tools/bin/../lib/gcc/arm-none-eabi/11.3.1/thumb/v7-m/nofp\libgcc.a
LOAD D:/ST/STM32CubeIDE_1.13.2/STM32CubeIDE/plugins/com.st.stm32cube.ide.mcu.externaltools.gnu-tools-for-stm32.11.3.rel1.win32_1.1.1.202309131626/tools/bin/../lib/gcc/arm-none-eabi/11.3.1/../../../../arm-none-eabi/lib/thumb/v7-m/nofp\libc_nano.a
LOAD D:/ST/STM32CubeIDE_1.13.2/STM32CubeIDE/plugins/com.st.stm32cube.ide.mcu.externaltools.gnu-tools-for-stm32.11.3.rel1.win32_1.1.1.202309131626/tools/bin/../lib/gcc/arm-none-eabi/11.3.1/../../../../arm-none-eabi/lib/thumb/v7-m/nofp\libnosys.a
END GROUP
START GROUP
LOAD D:/ST/STM32CubeIDE_1.13.2/STM32CubeIDE/plugins/com.st.stm32cube.ide.mcu.externaltools.gnu-tools-for-stm32.11.3.rel1.win32_1.1.1.202309131626/tools/bin/../lib/gcc/arm-none-eabi/11.3.1/thumb/v7-m/nofp\libgcc.a
LOAD D:/ST/STM32CubeIDE_1.13.2/STM32CubeIDE/plugins/com.st.stm32cube.ide.mcu.externaltools.gnu-tools-for-stm32.11.3.rel1.win32_1.1.1.202309131626/tools/bin/../lib/gcc/arm-none-eabi/11.3.1/../../../../arm-none-eabi/lib/thumb/v7-m/nofp\libc_nano.a
LOAD D:/ST/STM32CubeIDE_1.13.2/STM32CubeIDE/plugins/com.st.stm32cube.ide.mcu.externaltools.gnu-tools-for-stm32.11.3.rel1.win32_1.1.1.202309131626/tools/bin/../lib/gcc/arm-none-eabi/11.3.1/../../../../arm-none-eabi/lib/thumb/v7-m/nofp\libnosys.a
END GROUP
LOAD D:/ST/STM32CubeIDE_1.13.2/STM32CubeIDE/plugins/com.st.stm32cube.ide.mcu.externaltools.gnu-tools-for-stm32.11.3.rel1.win32_1.1.1.202309131626/tools/bin/../lib/gcc/arm-none-eabi/11.3.1/thumb/v7-m/nofp/crtend.o
LOAD D:/ST/STM32CubeIDE_1.13.2/STM32CubeIDE/plugins/com.st.stm32cube.ide.mcu.externaltools.gnu-tools-for-stm32.11.3.rel1.win32_1.1.1.202309131626/tools/bin/../lib/gcc/arm-none-eabi/11.3.1/thumb/v7-m/nofp/crtn.o
                0x0000000020002800                _estack = (ORIGIN (RAM) + LENGTH (RAM))
                0x0000000000000200                _Min_Heap_Size = 0x200
                0x0000000000000400                _Min_Stack_Size = 0x400

.isr_vector     0x0000000008000000      0x10c
                0x0000000008000000                . = ALIGN (0x4)
 *(.isr_vector)
 .isr_vector    0x0000000008000000      0x10c ./Core/Startup/startup_stm32f103c6ux.o
                0x0000000008000000                g_pfnVectors
                0x000000000800010c                . = ALIGN (0x4)

.text           0x000000000800010c     0x2c7c
                0x000000000800010c                . = ALIGN (0x4)
 *(.text)
 .text          0x000000000800010c       0x40 D:/ST/STM32CubeIDE_1.13.2/STM32CubeIDE/plugins/com.st.stm32cube.ide.mcu.externaltools.gnu-tools-for-stm32.11.3.rel1.win32_1.1.1.202309131626/tools/bin/../lib/gcc/arm-none-eabi/11.3.1/thumb/v7-m/nofp/crtbegin.o
 *(.text*)
 .text.off_all_light_1
                0x000000000800014c       0x18 ./Core/Src/fsm_normal.o
 .text.off_all_light_2
                0x0000000008000164       0x18 ./Core/Src/fsm_normal.o
 .text.automatic_run
                0x000000000800017c      0x31c ./Core/Src/fsm_normal.o
                0x000000000800017c                automatic_run
 .text.modify_run
                0x0000000008000498      0x284 ./Core/Src/fsm_setting.o
                0x0000000008000498                modify_run
 .text.clone_time
                0x000000000800071c       0x2c ./Core/Src/input_processing.o
                0x000000000800071c                clone_time
 .text.fsm_for_input_processing
                0x0000000008000748       0xf4 ./Core/Src/input_processing.o
                0x0000000008000748                fsm_for_input_processing
 .text.save_time
                0x000000000800083c       0x2c ./Core/Src/input_processing.o
                0x000000000800083c                save_time
 .text.update_light_time
                0x0000000008000868       0x98 ./Core/Src/input_processing.o
                0x0000000008000868                update_light_time
 .text.button_reading
                0x0000000008000900       0xcc ./Core/Src/input_reading.o
                0x0000000008000900                button_reading
 .text.is_button_pressed
                0x00000000080009cc       0x34 ./Core/Src/input_reading.o
                0x00000000080009cc                is_button_pressed
 .text.is_button_pressed_1s
                0x0000000008000a00       0x34 ./Core/Src/input_reading.o
                0x0000000008000a00                is_button_pressed_1s
 .text.display7Seg
                0x0000000008000a34       0xd0 ./Core/Src/led_display.o
                0x0000000008000a34                display7Seg
 .text.generate_led_buffer
                0x0000000008000b04       0x80 ./Core/Src/led_display.o
                0x0000000008000b04                generate_led_buffer
 .text.update7SEG
                0x0000000008000b84       0x58 ./Core/Src/led_display.o
                0x0000000008000b84                update7SEG
 .text.scanning_seg
                0x0000000008000bdc       0x4a ./Core/Src/led_display.o
                0x0000000008000bdc                scanning_seg
 *fill*         0x0000000008000c26        0x2 
 .text.scanning_seg_led
                0x0000000008000c28       0x1c ./Core/Src/led_display.o
                0x0000000008000c28                scanning_seg_led
 .text.update_7seg_buffer_time
                0x0000000008000c44       0x54 ./Core/Src/led_display.o
                0x0000000008000c44                update_7seg_buffer_time
 .text.update_7seg_buffer
                0x0000000008000c98       0x40 ./Core/Src/led_display.o
                0x0000000008000c98                update_7seg_buffer
 .text.main     0x0000000008000cd8       0xa8 ./Core/Src/main.o
                0x0000000008000cd8                main
 .text.SystemClock_Config
                0x0000000008000d80       0x76 ./Core/Src/main.o
                0x0000000008000d80                SystemClock_Config
 *fill*         0x0000000008000df6        0x2 
 .text.MX_TIM2_Init
                0x0000000008000df8       0x98 ./Core/Src/main.o
 .text.MX_GPIO_Init
                0x0000000008000e90       0xc4 ./Core/Src/main.o
 .text.HAL_TIM_PeriodElapsedCallback
                0x0000000008000f54       0x22 ./Core/Src/main.o
                0x0000000008000f54                HAL_TIM_PeriodElapsedCallback
 .text.Error_Handler
                0x0000000008000f76        0xa ./Core/Src/main.o
                0x0000000008000f76                Error_Handler
 .text.Scheduler_Init
                0x0000000008000f80       0x1c ./Core/Src/scheduler.o
                0x0000000008000f80                Scheduler_Init
 .text.Get_New_Task_ID
                0x0000000008000f9c       0x20 ./Core/Src/scheduler.o
 .text.Scheduler_Update
                0x0000000008000fbc       0x48 ./Core/Src/scheduler.o
                0x0000000008000fbc                Scheduler_Update
 .text.Scheduler_Add_Task
                0x0000000008001004      0x198 ./Core/Src/scheduler.o
                0x0000000008001004                Scheduler_Add_Task
 .text.Scheduler_Dispatch_Tasks
                0x000000000800119c       0x60 ./Core/Src/scheduler.o
                0x000000000800119c                Scheduler_Dispatch_Tasks
 .text.Scheduler_Remove_Task
                0x00000000080011fc       0x84 ./Core/Src/scheduler.o
                0x00000000080011fc                Scheduler_Remove_Task
 .text.freq_to_tick
                0x0000000008001280       0x3c ./Core/Src/scheduler.o
                0x0000000008001280                freq_to_tick
 .text.HAL_MspInit
                0x00000000080012bc       0x44 ./Core/Src/stm32f1xx_hal_msp.o
                0x00000000080012bc                HAL_MspInit
 .text.HAL_TIM_Base_MspInit
                0x0000000008001300       0x48 ./Core/Src/stm32f1xx_hal_msp.o
                0x0000000008001300                HAL_TIM_Base_MspInit
 .text.NMI_Handler
                0x0000000008001348        0x6 ./Core/Src/stm32f1xx_it.o
                0x0000000008001348                NMI_Handler
 .text.HardFault_Handler
                0x000000000800134e        0x6 ./Core/Src/stm32f1xx_it.o
                0x000000000800134e                HardFault_Handler
 .text.MemManage_Handler
                0x0000000008001354        0x6 ./Core/Src/stm32f1xx_it.o
                0x0000000008001354                MemManage_Handler
 .text.BusFault_Handler
                0x000000000800135a        0x6 ./Core/Src/stm32f1xx_it.o
                0x000000000800135a                BusFault_Handler
 .text.UsageFault_Handler
                0x0000000008001360        0x6 ./Core/Src/stm32f1xx_it.o
                0x0000000008001360                UsageFault_Handler
 .text.SVC_Handler
                0x0000000008001366        0xc ./Core/Src/stm32f1xx_it.o
                0x0000000008001366                SVC_Handler
 .text.DebugMon_Handler
                0x0000000008001372        0xc ./Core/Src/stm32f1xx_it.o
                0x0000000008001372                DebugMon_Handler
 .text.PendSV_Handler
                0x000000000800137e        0xc ./Core/Src/stm32f1xx_it.o
                0x000000000800137e                PendSV_Handler
 .text.SysTick_Handler
                0x000000000800138a        0xc ./Core/Src/stm32f1xx_it.o
                0x000000000800138a                SysTick_Handler
 *fill*         0x0000000008001396        0x2 
 .text.TIM2_IRQHandler
                0x0000000008001398       0x14 ./Core/Src/stm32f1xx_it.o
                0x0000000008001398                TIM2_IRQHandler
 .text.setTimer
                0x00000000080013ac       0x24 ./Core/Src/sw_timer.o
                0x00000000080013ac                setTimer
 .text.updateTimer
                0x00000000080013d0       0x44 ./Core/Src/sw_timer.o
                0x00000000080013d0                updateTimer
 .text.isTimerExpired
                0x0000000008001414       0x2c ./Core/Src/sw_timer.o
                0x0000000008001414                isTimerExpired
 .text._sbrk    0x0000000008001440       0x6c ./Core/Src/sysmem.o
                0x0000000008001440                _sbrk
 .text.Reset_Handler
                0x00000000080014ac       0x48 ./Core/Startup/startup_stm32f103c6ux.o
                0x00000000080014ac                Reset_Handler
 .text.Default_Handler
                0x00000000080014f4        0x2 ./Core/Startup/startup_stm32f103c6ux.o
                0x00000000080014f4                RTC_Alarm_IRQHandler
                0x00000000080014f4                EXTI2_IRQHandler
                0x00000000080014f4                TIM1_CC_IRQHandler
                0x00000000080014f4                PVD_IRQHandler
                0x00000000080014f4                EXTI3_IRQHandler
                0x00000000080014f4                EXTI0_IRQHandler
                0x00000000080014f4                ADC1_2_IRQHandler
                0x00000000080014f4                SPI1_IRQHandler
                0x00000000080014f4                TAMPER_IRQHandler
                0x00000000080014f4                DMA1_Channel4_IRQHandler
                0x00000000080014f4                RTC_IRQHandler
                0x00000000080014f4                DMA1_Channel7_IRQHandler
                0x00000000080014f4                CAN1_RX1_IRQHandler
                0x00000000080014f4                I2C1_EV_IRQHandler
                0x00000000080014f4                DMA1_Channel6_IRQHandler
                0x00000000080014f4                TIM3_IRQHandler
                0x00000000080014f4                RCC_IRQHandler
                0x00000000080014f4                TIM1_TRG_COM_IRQHandler
                0x00000000080014f4                DMA1_Channel1_IRQHandler
                0x00000000080014f4                Default_Handler
                0x00000000080014f4                EXTI15_10_IRQHandler
                0x00000000080014f4                EXTI9_5_IRQHandler
                0x00000000080014f4                DMA1_Channel5_IRQHandler
                0x00000000080014f4                EXTI4_IRQHandler
                0x00000000080014f4                USB_LP_CAN1_RX0_IRQHandler
                0x00000000080014f4                USB_HP_CAN1_TX_IRQHandler
                0x00000000080014f4                DMA1_Channel3_IRQHandler
                0x00000000080014f4                TIM1_UP_IRQHandler
                0x00000000080014f4                WWDG_IRQHandler
                0x00000000080014f4                TIM1_BRK_IRQHandler
                0x00000000080014f4                EXTI1_IRQHandler
                0x00000000080014f4                USART2_IRQHandler
                0x00000000080014f4                DMA1_Channel2_IRQHandler
                0x00000000080014f4                CAN1_SCE_IRQHandler
                0x00000000080014f4                FLASH_IRQHandler
                0x00000000080014f4                USART1_IRQHandler
                0x00000000080014f4                I2C1_ER_IRQHandler
                0x00000000080014f4                USBWakeUp_IRQHandler
 .text.SystemInit
                0x00000000080014f6        0xc ./Drivers/CMSIS/Device/ST/STM32F1xx/Source/Templates/system_stm32f1xx.o
                0x00000000080014f6                SystemInit
 *fill*         0x0000000008001502        0x2 
 .text.HAL_Init
                0x0000000008001504       0x2c ./Drivers/STM32F1xx_HAL_Driver/Src/stm32f1xx_hal.o
                0x0000000008001504                HAL_Init
 .text.HAL_InitTick
                0x0000000008001530       0x60 ./Drivers/STM32F1xx_HAL_Driver/Src/stm32f1xx_hal.o
                0x0000000008001530                HAL_InitTick
 .text.HAL_IncTick
                0x0000000008001590       0x24 ./Drivers/STM32F1xx_HAL_Driver/Src/stm32f1xx_hal.o
                0x0000000008001590                HAL_IncTick
 .text.HAL_GetTick
                0x00000000080015b4       0x14 ./Drivers/STM32F1xx_HAL_Driver/Src/stm32f1xx_hal.o
                0x00000000080015b4                HAL_GetTick
 .text.__NVIC_SetPriorityGrouping
                0x00000000080015c8       0x48 ./Drivers/STM32F1xx_HAL_Driver/Src/stm32f1xx_hal_cortex.o
 .text.__NVIC_GetPriorityGrouping
                0x0000000008001610       0x1c ./Drivers/STM32F1xx_HAL_Driver/Src/stm32f1xx_hal_cortex.o
 .text.__NVIC_EnableIRQ
                0x000000000800162c       0x38 ./Drivers/STM32F1xx_HAL_Driver/Src/stm32f1xx_hal_cortex.o
 .text.__NVIC_SetPriority
                0x0000000008001664       0x54 ./Drivers/STM32F1xx_HAL_Driver/Src/stm32f1xx_hal_cortex.o
 .text.NVIC_EncodePriority
                0x00000000080016b8       0x64 ./Drivers/STM32F1xx_HAL_Driver/Src/stm32f1xx_hal_cortex.o
 .text.SysTick_Config
                0x000000000800171c       0x44 ./Drivers/STM32F1xx_HAL_Driver/Src/stm32f1xx_hal_cortex.o
 .text.HAL_NVIC_SetPriorityGrouping
                0x0000000008001760       0x16 ./Drivers/STM32F1xx_HAL_Driver/Src/stm32f1xx_hal_cortex.o
                0x0000000008001760                HAL_NVIC_SetPriorityGrouping
 .text.HAL_NVIC_SetPriority
                0x0000000008001776       0x38 ./Drivers/STM32F1xx_HAL_Driver/Src/stm32f1xx_hal_cortex.o
                0x0000000008001776                HAL_NVIC_SetPriority
 .text.HAL_NVIC_EnableIRQ
                0x00000000080017ae       0x1c ./Drivers/STM32F1xx_HAL_Driver/Src/stm32f1xx_hal_cortex.o
                0x00000000080017ae                HAL_NVIC_EnableIRQ
 .text.HAL_SYSTICK_Config
                0x00000000080017ca       0x18 ./Drivers/STM32F1xx_HAL_Driver/Src/stm32f1xx_hal_cortex.o
                0x00000000080017ca                HAL_SYSTICK_Config
 *fill*         0x00000000080017e2        0x2 
 .text.HAL_GPIO_Init
                0x00000000080017e4      0x2f8 ./Drivers/STM32F1xx_HAL_Driver/Src/stm32f1xx_hal_gpio.o
                0x00000000080017e4                HAL_GPIO_Init
 .text.HAL_GPIO_ReadPin
                0x0000000008001adc       0x2e ./Drivers/STM32F1xx_HAL_Driver/Src/stm32f1xx_hal_gpio.o
                0x0000000008001adc                HAL_GPIO_ReadPin
 .text.HAL_GPIO_WritePin
                0x0000000008001b0a       0x30 ./Drivers/STM32F1xx_HAL_Driver/Src/stm32f1xx_hal_gpio.o
                0x0000000008001b0a                HAL_GPIO_WritePin
 .text.HAL_GPIO_TogglePin
                0x0000000008001b3a       0x32 ./Drivers/STM32F1xx_HAL_Driver/Src/stm32f1xx_hal_gpio.o
                0x0000000008001b3a                HAL_GPIO_TogglePin
 .text.HAL_RCC_OscConfig
                0x0000000008001b6c      0x504 ./Drivers/STM32F1xx_HAL_Driver/Src/stm32f1xx_hal_rcc.o
                0x0000000008001b6c                HAL_RCC_OscConfig
 .text.HAL_RCC_ClockConfig
                0x0000000008002070      0x1d4 ./Drivers/STM32F1xx_HAL_Driver/Src/stm32f1xx_hal_rcc.o
                0x0000000008002070                HAL_RCC_ClockConfig
 .text.HAL_RCC_GetSysClockFreq
                0x0000000008002244       0xa8 ./Drivers/STM32F1xx_HAL_Driver/Src/stm32f1xx_hal_rcc.o
                0x0000000008002244                HAL_RCC_GetSysClockFreq
 .text.RCC_Delay
                0x00000000080022ec       0x3c ./Drivers/STM32F1xx_HAL_Driver/Src/stm32f1xx_hal_rcc.o
 .text.HAL_TIM_Base_Init
                0x0000000008002328       0x9e ./Drivers/STM32F1xx_HAL_Driver/Src/stm32f1xx_hal_tim.o
                0x0000000008002328                HAL_TIM_Base_Init
 *fill*         0x00000000080023c6        0x2 
 .text.HAL_TIM_Base_Start_IT
                0x00000000080023c8       0x98 ./Drivers/STM32F1xx_HAL_Driver/Src/stm32f1xx_hal_tim.o
                0x00000000080023c8                HAL_TIM_Base_Start_IT
 .text.HAL_TIM_IRQHandler
                0x0000000008002460      0x1e0 ./Drivers/STM32F1xx_HAL_Driver/Src/stm32f1xx_hal_tim.o
                0x0000000008002460                HAL_TIM_IRQHandler
 .text.HAL_TIM_ConfigClockSource
                0x0000000008002640      0x18e ./Drivers/STM32F1xx_HAL_Driver/Src/stm32f1xx_hal_tim.o
                0x0000000008002640                HAL_TIM_ConfigClockSource
 .text.HAL_TIM_OC_DelayElapsedCallback
                0x00000000080027ce       0x12 ./Drivers/STM32F1xx_HAL_Driver/Src/stm32f1xx_hal_tim.o
                0x00000000080027ce                HAL_TIM_OC_DelayElapsedCallback
 .text.HAL_TIM_IC_CaptureCallback
                0x00000000080027e0       0x12 ./Drivers/STM32F1xx_HAL_Driver/Src/stm32f1xx_hal_tim.o
                0x00000000080027e0                HAL_TIM_IC_CaptureCallback
 .text.HAL_TIM_PWM_PulseFinishedCallback
                0x00000000080027f2       0x12 ./Drivers/STM32F1xx_HAL_Driver/Src/stm32f1xx_hal_tim.o
                0x00000000080027f2                HAL_TIM_PWM_PulseFinishedCallback
 .text.HAL_TIM_TriggerCallback
                0x0000000008002804       0x12 ./Drivers/STM32F1xx_HAL_Driver/Src/stm32f1xx_hal_tim.o
                0x0000000008002804                HAL_TIM_TriggerCallback
 *fill*         0x0000000008002816        0x2 
 .text.TIM_Base_SetConfig
                0x0000000008002818       0xc8 ./Drivers/STM32F1xx_HAL_Driver/Src/stm32f1xx_hal_tim.o
                0x0000000008002818                TIM_Base_SetConfig
 .text.TIM_TI1_ConfigInputStage
                0x00000000080028e0       0x5c ./Drivers/STM32F1xx_HAL_Driver/Src/stm32f1xx_hal_tim.o
 .text.TIM_TI2_ConfigInputStage
                0x000000000800293c       0x5e ./Drivers/STM32F1xx_HAL_Driver/Src/stm32f1xx_hal_tim.o
 .text.TIM_ITRx_SetConfig
                0x000000000800299a       0x34 ./Drivers/STM32F1xx_HAL_Driver/Src/stm32f1xx_hal_tim.o
 .text.TIM_ETR_SetConfig
                0x00000000080029ce       0x3e ./Drivers/STM32F1xx_HAL_Driver/Src/stm32f1xx_hal_tim.o
                0x00000000080029ce                TIM_ETR_SetConfig
 .text.HAL_TIMEx_MasterConfigSynchronization
                0x0000000008002a0c       0xb0 ./Drivers/STM32F1xx_HAL_Driver/Src/stm32f1xx_hal_tim_ex.o
                0x0000000008002a0c                HAL_TIMEx_MasterConfigSynchronization
 .text.HAL_TIMEx_CommutCallback
                0x0000000008002abc       0x12 ./Drivers/STM32F1xx_HAL_Driver/Src/stm32f1xx_hal_tim_ex.o
                0x0000000008002abc                HAL_TIMEx_CommutCallback
 .text.HAL_TIMEx_BreakCallback
                0x0000000008002ace       0x12 ./Drivers/STM32F1xx_HAL_Driver/Src/stm32f1xx_hal_tim_ex.o
                0x0000000008002ace                HAL_TIMEx_BreakCallback
 .text.malloc   0x0000000008002ae0       0x10 D:/ST/STM32CubeIDE_1.13.2/STM32CubeIDE/plugins/com.st.stm32cube.ide.mcu.externaltools.gnu-tools-for-stm32.11.3.rel1.win32_1.1.1.202309131626/tools/bin/../lib/gcc/arm-none-eabi/11.3.1/../../../../arm-none-eabi/lib/thumb/v7-m/nofp\libc_nano.a(libc_a-malloc.o)
                0x0000000008002ae0                malloc
 .text.free     0x0000000008002af0       0x10 D:/ST/STM32CubeIDE_1.13.2/STM32CubeIDE/plugins/com.st.stm32cube.ide.mcu.externaltools.gnu-tools-for-stm32.11.3.rel1.win32_1.1.1.202309131626/tools/bin/../lib/gcc/arm-none-eabi/11.3.1/../../../../arm-none-eabi/lib/thumb/v7-m/nofp\libc_nano.a(libc_a-malloc.o)
                0x0000000008002af0                free
 .text.sbrk_aligned
                0x0000000008002b00       0x40 D:/ST/STM32CubeIDE_1.13.2/STM32CubeIDE/plugins/com.st.stm32cube.ide.mcu.externaltools.gnu-tools-for-stm32.11.3.rel1.win32_1.1.1.202309131626/tools/bin/../lib/gcc/arm-none-eabi/11.3.1/../../../../arm-none-eabi/lib/thumb/v7-m/nofp\libc_nano.a(libc_a-mallocr.o)
 .text._malloc_r
                0x0000000008002b40      0x100 D:/ST/STM32CubeIDE_1.13.2/STM32CubeIDE/plugins/com.st.stm32cube.ide.mcu.externaltools.gnu-tools-for-stm32.11.3.rel1.win32_1.1.1.202309131626/tools/bin/../lib/gcc/arm-none-eabi/11.3.1/../../../../arm-none-eabi/lib/thumb/v7-m/nofp\libc_nano.a(libc_a-mallocr.o)
                0x0000000008002b40                _malloc_r
 .text.__malloc_lock
                0x0000000008002c40        0xc D:/ST/STM32CubeIDE_1.13.2/STM32CubeIDE/plugins/com.st.stm32cube.ide.mcu.externaltools.gnu-tools-for-stm32.11.3.rel1.win32_1.1.1.202309131626/tools/bin/../lib/gcc/arm-none-eabi/11.3.1/../../../../arm-none-eabi/lib/thumb/v7-m/nofp\libc_nano.a(libc_a-mlock.o)
                0x0000000008002c40                __malloc_lock
 .text.__malloc_unlock
                0x0000000008002c4c        0xc D:/ST/STM32CubeIDE_1.13.2/STM32CubeIDE/plugins/com.st.stm32cube.ide.mcu.externaltools.gnu-tools-for-stm32.11.3.rel1.win32_1.1.1.202309131626/tools/bin/../lib/gcc/arm-none-eabi/11.3.1/../../../../arm-none-eabi/lib/thumb/v7-m/nofp\libc_nano.a(libc_a-mlock.o)
                0x0000000008002c4c                __malloc_unlock
 .text.memset   0x0000000008002c58       0x10 D:/ST/STM32CubeIDE_1.13.2/STM32CubeIDE/plugins/com.st.stm32cube.ide.mcu.externaltools.gnu-tools-for-stm32.11.3.rel1.win32_1.1.1.202309131626/tools/bin/../lib/gcc/arm-none-eabi/11.3.1/../../../../arm-none-eabi/lib/thumb/v7-m/nofp\libc_nano.a(libc_a-memset.o)
                0x0000000008002c58                memset
 .text._sbrk_r  0x0000000008002c68       0x20 D:/ST/STM32CubeIDE_1.13.2/STM32CubeIDE/plugins/com.st.stm32cube.ide.mcu.externaltools.gnu-tools-for-stm32.11.3.rel1.win32_1.1.1.202309131626/tools/bin/../lib/gcc/arm-none-eabi/11.3.1/../../../../arm-none-eabi/lib/thumb/v7-m/nofp\libc_nano.a(libc_a-sbrkr.o)
                0x0000000008002c68                _sbrk_r
 .text.__errno  0x0000000008002c88        0xc D:/ST/STM32CubeIDE_1.13.2/STM32CubeIDE/plugins/com.st.stm32cube.ide.mcu.externaltools.gnu-tools-for-stm32.11.3.rel1.win32_1.1.1.202309131626/tools/bin/../lib/gcc/arm-none-eabi/11.3.1/../../../../arm-none-eabi/lib/thumb/v7-m/nofp\libc_nano.a(libc_a-errno.o)
                0x0000000008002c88                __errno
 .text.__libc_init_array
                0x0000000008002c94       0x48 D:/ST/STM32CubeIDE_1.13.2/STM32CubeIDE/plugins/com.st.stm32cube.ide.mcu.externaltools.gnu-tools-for-stm32.11.3.rel1.win32_1.1.1.202309131626/tools/bin/../lib/gcc/arm-none-eabi/11.3.1/../../../../arm-none-eabi/lib/thumb/v7-m/nofp\libc_nano.a(libc_a-init.o)
                0x0000000008002c94                __libc_init_array
 .text.__retarget_lock_acquire_recursive
                0x0000000008002cdc        0x2 D:/ST/STM32CubeIDE_1.13.2/STM32CubeIDE/plugins/com.st.stm32cube.ide.mcu.externaltools.gnu-tools-for-stm32.11.3.rel1.win32_1.1.1.202309131626/tools/bin/../lib/gcc/arm-none-eabi/11.3.1/../../../../arm-none-eabi/lib/thumb/v7-m/nofp\libc_nano.a(libc_a-lock.o)
                0x0000000008002cdc                __retarget_lock_acquire_recursive
 .text.__retarget_lock_release_recursive
                0x0000000008002cde        0x2 D:/ST/STM32CubeIDE_1.13.2/STM32CubeIDE/plugins/com.st.stm32cube.ide.mcu.externaltools.gnu-tools-for-stm32.11.3.rel1.win32_1.1.1.202309131626/tools/bin/../lib/gcc/arm-none-eabi/11.3.1/../../../../arm-none-eabi/lib/thumb/v7-m/nofp\libc_nano.a(libc_a-lock.o)
                0x0000000008002cde                __retarget_lock_release_recursive
 .text._free_r  0x0000000008002ce0       0x90 D:/ST/STM32CubeIDE_1.13.2/STM32CubeIDE/plugins/com.st.stm32cube.ide.mcu.externaltools.gnu-tools-for-stm32.11.3.rel1.win32_1.1.1.202309131626/tools/bin/../lib/gcc/arm-none-eabi/11.3.1/../../../../arm-none-eabi/lib/thumb/v7-m/nofp\libc_nano.a(libc_a-freer.o)
                0x0000000008002ce0                _free_r
 *(.glue_7)
 .glue_7        0x0000000008002d70        0x0 linker stubs
 *(.glue_7t)
 .glue_7t       0x0000000008002d70        0x0 linker stubs
 *(.eh_frame)
 .eh_frame      0x0000000008002d70        0x0 D:/ST/STM32CubeIDE_1.13.2/STM32CubeIDE/plugins/com.st.stm32cube.ide.mcu.externaltools.gnu-tools-for-stm32.11.3.rel1.win32_1.1.1.202309131626/tools/bin/../lib/gcc/arm-none-eabi/11.3.1/thumb/v7-m/nofp/crtbegin.o
 *(.init)
 .init          0x0000000008002d70        0x4 D:/ST/STM32CubeIDE_1.13.2/STM32CubeIDE/plugins/com.st.stm32cube.ide.mcu.externaltools.gnu-tools-for-stm32.11.3.rel1.win32_1.1.1.202309131626/tools/bin/../lib/gcc/arm-none-eabi/11.3.1/thumb/v7-m/nofp/crti.o
                0x0000000008002d70                _init
 .init          0x0000000008002d74        0x8 D:/ST/STM32CubeIDE_1.13.2/STM32CubeIDE/plugins/com.st.stm32cube.ide.mcu.externaltools.gnu-tools-for-stm32.11.3.rel1.win32_1.1.1.202309131626/tools/bin/../lib/gcc/arm-none-eabi/11.3.1/thumb/v7-m/nofp/crtn.o
 *(.fini)
 .fini          0x0000000008002d7c        0x4 D:/ST/STM32CubeIDE_1.13.2/STM32CubeIDE/plugins/com.st.stm32cube.ide.mcu.externaltools.gnu-tools-for-stm32.11.3.rel1.win32_1.1.1.202309131626/tools/bin/../lib/gcc/arm-none-eabi/11.3.1/thumb/v7-m/nofp/crti.o
                0x0000000008002d7c                _fini
 .fini          0x0000000008002d80        0x8 D:/ST/STM32CubeIDE_1.13.2/STM32CubeIDE/plugins/com.st.stm32cube.ide.mcu.externaltools.gnu-tools-for-stm32.11.3.rel1.win32_1.1.1.202309131626/tools/bin/../lib/gcc/arm-none-eabi/11.3.1/thumb/v7-m/nofp/crtn.o
                0x0000000008002d88                . = ALIGN (0x4)
                0x0000000008002d88                _etext = .

.vfp11_veneer   0x0000000008002d88        0x0
 .vfp11_veneer  0x0000000008002d88        0x0 linker stubs

.v4_bx          0x0000000008002d88        0x0
 .v4_bx         0x0000000008002d88        0x0 linker stubs

.iplt           0x0000000008002d88        0x0
 .iplt          0x0000000008002d88        0x0 D:/ST/STM32CubeIDE_1.13.2/STM32CubeIDE/plugins/com.st.stm32cube.ide.mcu.externaltools.gnu-tools-for-stm32.11.3.rel1.win32_1.1.1.202309131626/tools/bin/../lib/gcc/arm-none-eabi/11.3.1/thumb/v7-m/nofp/crtbegin.o

.rodata         0x0000000008002d88       0x38
                0x0000000008002d88                . = ALIGN (0x4)
 *(.rodata)
 *(.rodata*)
 .rodata.btn_pin
                0x0000000008002d88        0x6 ./Core/Src/input_reading.o
                0x0000000008002d88                btn_pin
 *fill*         0x0000000008002d8e        0x2 
 .rodata.SEG    0x0000000008002d90        0xa ./Core/Src/led_display.o
                0x0000000008002d90                SEG
 *fill*         0x0000000008002d9a        0x2 
 .rodata.AHBPrescTable
                0x0000000008002d9c       0x10 ./Drivers/CMSIS/Device/ST/STM32F1xx/Source/Templates/system_stm32f1xx.o
                0x0000000008002d9c                AHBPrescTable
 .rodata.aPLLMULFactorTable.1
                0x0000000008002dac       0x10 ./Drivers/STM32F1xx_HAL_Driver/Src/stm32f1xx_hal_rcc.o
 .rodata.aPredivFactorTable.0
                0x0000000008002dbc        0x2 ./Drivers/STM32F1xx_HAL_Driver/Src/stm32f1xx_hal_rcc.o
                0x0000000008002dc0                . = ALIGN (0x4)
 *fill*         0x0000000008002dbe        0x2 

.rel.dyn        0x0000000008002dc0        0x0
 .rel.iplt      0x0000000008002dc0        0x0 D:/ST/STM32CubeIDE_1.13.2/STM32CubeIDE/plugins/com.st.stm32cube.ide.mcu.externaltools.gnu-tools-for-stm32.11.3.rel1.win32_1.1.1.202309131626/tools/bin/../lib/gcc/arm-none-eabi/11.3.1/thumb/v7-m/nofp/crtbegin.o

.ARM.extab      0x0000000008002dc0        0x0
                0x0000000008002dc0                . = ALIGN (0x4)
 *(.ARM.extab* .gnu.linkonce.armextab.*)
                0x0000000008002dc0                . = ALIGN (0x4)

.ARM            0x0000000008002dc0        0x0
                0x0000000008002dc0                . = ALIGN (0x4)
                0x0000000008002dc0                __exidx_start = .
 *(.ARM.exidx*)
                0x0000000008002dc0                __exidx_end = .
                0x0000000008002dc0                . = ALIGN (0x4)

.preinit_array  0x0000000008002dc0        0x0
                0x0000000008002dc0                . = ALIGN (0x4)
                0x0000000008002dc0                PROVIDE (__preinit_array_start = .)
 *(.preinit_array*)
                0x0000000008002dc0                PROVIDE (__preinit_array_end = .)
                0x0000000008002dc0                . = ALIGN (0x4)

.init_array     0x0000000008002dc0        0x4
                0x0000000008002dc0                . = ALIGN (0x4)
                0x0000000008002dc0                PROVIDE (__init_array_start = .)
 *(SORT_BY_NAME(.init_array.*))
 *(.init_array*)
 .init_array    0x0000000008002dc0        0x4 D:/ST/STM32CubeIDE_1.13.2/STM32CubeIDE/plugins/com.st.stm32cube.ide.mcu.externaltools.gnu-tools-for-stm32.11.3.rel1.win32_1.1.1.202309131626/tools/bin/../lib/gcc/arm-none-eabi/11.3.1/thumb/v7-m/nofp/crtbegin.o
                0x0000000008002dc4                PROVIDE (__init_array_end = .)
                0x0000000008002dc4                . = ALIGN (0x4)

.fini_array     0x0000000008002dc4        0x4
                0x0000000008002dc4                . = ALIGN (0x4)
                [!provide]                        PROVIDE (__fini_array_start = .)
 *(SORT_BY_NAME(.fini_array.*))
 *(.fini_array*)
 .fini_array    0x0000000008002dc4        0x4 D:/ST/STM32CubeIDE_1.13.2/STM32CubeIDE/plugins/com.st.stm32cube.ide.mcu.externaltools.gnu-tools-for-stm32.11.3.rel1.win32_1.1.1.202309131626/tools/bin/../lib/gcc/arm-none-eabi/11.3.1/thumb/v7-m/nofp/crtbegin.o
                [!provide]                        PROVIDE (__fini_array_end = .)
                0x0000000008002dc8                . = ALIGN (0x4)
                0x0000000008002dc8                _sidata = LOADADDR (.data)

.data           0x0000000020000000       0x6c load address 0x0000000008002dc8
                0x0000000020000000                . = ALIGN (0x4)
                0x0000000020000000                _sdata = .
 *(.data)
 *(.data*)
 .data.time     0x0000000020000000        0x3 ./Core/Src/fsm_normal.o
                0x0000000020000000                time
 *fill*         0x0000000020000003        0x1 
 .data.led_modify_pin
                0x0000000020000004        0x6 ./Core/Src/fsm_setting.o
 .data.first_time
                0x000000002000000a        0x1 ./Core/Src/input_processing.o
                0x000000002000000a                first_time
 *fill*         0x000000002000000b        0x1 
 .data.btn_port
                0x000000002000000c        0x4 ./Core/Src/input_reading.o
                0x000000002000000c                btn_port
 .data.SystemCoreClock
                0x0000000020000010        0x4 ./Drivers/CMSIS/Device/ST/STM32F1xx/Source/Templates/system_stm32f1xx.o
                0x0000000020000010                SystemCoreClock
 .data.uwTickPrio
                0x0000000020000014        0x4 ./Drivers/STM32F1xx_HAL_Driver/Src/stm32f1xx_hal.o
                0x0000000020000014                uwTickPrio
 .data.uwTickFreq
                0x0000000020000018        0x1 ./Drivers/STM32F1xx_HAL_Driver/Src/stm32f1xx_hal.o
                0x0000000020000018                uwTickFreq
 *fill*         0x0000000020000019        0x3 
 .data._impure_data
                0x000000002000001c       0x4c D:/ST/STM32CubeIDE_1.13.2/STM32CubeIDE/plugins/com.st.stm32cube.ide.mcu.externaltools.gnu-tools-for-stm32.11.3.rel1.win32_1.1.1.202309131626/tools/bin/../lib/gcc/arm-none-eabi/11.3.1/../../../../arm-none-eabi/lib/thumb/v7-m/nofp\libc_nano.a(libc_a-impure.o)
                0x000000002000001c                _impure_data
 .data._impure_ptr
                0x0000000020000068        0x4 D:/ST/STM32CubeIDE_1.13.2/STM32CubeIDE/plugins/com.st.stm32cube.ide.mcu.externaltools.gnu-tools-for-stm32.11.3.rel1.win32_1.1.1.202309131626/tools/bin/../lib/gcc/arm-none-eabi/11.3.1/../../../../arm-none-eabi/lib/thumb/v7-m/nofp\libc_nano.a(libc_a-impure.o)
                0x0000000020000068                _impure_ptr
 *(.RamFunc)
 *(.RamFunc*)
                0x000000002000006c                . = ALIGN (0x4)
                0x000000002000006c                _edata = .

.igot.plt       0x000000002000006c        0x0 load address 0x0000000008002e34
 .igot.plt      0x000000002000006c        0x0 D:/ST/STM32CubeIDE_1.13.2/STM32CubeIDE/plugins/com.st.stm32cube.ide.mcu.externaltools.gnu-tools-for-stm32.11.3.rel1.win32_1.1.1.202309131626/tools/bin/../lib/gcc/arm-none-eabi/11.3.1/thumb/v7-m/nofp/crtbegin.o
                0x000000002000006c                . = ALIGN (0x4)

.bss            0x000000002000006c      0x21c load address 0x0000000008002e34
                0x000000002000006c                _sbss = .
                0x000000002000006c                __bss_start__ = _sbss
 *(.bss)
 .bss           0x000000002000006c       0x1c D:/ST/STM32CubeIDE_1.13.2/STM32CubeIDE/plugins/com.st.stm32cube.ide.mcu.externaltools.gnu-tools-for-stm32.11.3.rel1.win32_1.1.1.202309131626/tools/bin/../lib/gcc/arm-none-eabi/11.3.1/thumb/v7-m/nofp/crtbegin.o
 *(.bss*)
 .bss.light_1   0x0000000020000088        0x1 ./Core/Src/fsm_normal.o
                0x0000000020000088                light_1
 .bss.light_2   0x0000000020000089        0x1 ./Core/Src/fsm_normal.o
                0x0000000020000089                light_2
 .bss.flag      0x000000002000008a        0x1 ./Core/Src/fsm_setting.o
 .bss.modify    0x000000002000008b        0x1 ./Core/Src/fsm_setting.o
                0x000000002000008b                modify
 .bss.mode      0x000000002000008c        0x1 ./Core/Src/fsm_setting.o
                0x000000002000008c                mode
 *fill*         0x000000002000008d        0x3 
 .bss.modify_time
                0x0000000020000090        0x3 ./Core/Src/fsm_setting.o
                0x0000000020000090                modify_time
 *fill*         0x0000000020000093        0x1 
 .bss.buttonState
                0x0000000020000094        0x3 ./Core/Src/input_processing.o
                0x0000000020000094                buttonState
 *fill*         0x0000000020000097        0x1 
 .bss.buttonBuffer
                0x0000000020000098        0x3 ./Core/Src/input_reading.o
 *fill*         0x000000002000009b        0x1 
 .bss.debounceButtonBuffer1
                0x000000002000009c        0x3 ./Core/Src/input_reading.o
 *fill*         0x000000002000009f        0x1 
 .bss.debounceButtonBuffer2
                0x00000000200000a0        0x3 ./Core/Src/input_reading.o
 *fill*         0x00000000200000a3        0x1 
 .bss.flagForButtonPress1s
                0x00000000200000a4        0x3 ./Core/Src/input_reading.o
 *fill*         0x00000000200000a7        0x1 
 .bss.counterForButtonPress1s
                0x00000000200000a8        0x6 ./Core/Src/input_reading.o
 *fill*         0x00000000200000ae        0x2 
 .bss.time_buffer
                0x00000000200000b0        0x3 ./Core/Src/led_display.o
                0x00000000200000b0                time_buffer
 *fill*         0x00000000200000b3        0x1 
 .bss.seg_buffer
                0x00000000200000b4        0x5 ./Core/Src/led_display.o
                0x00000000200000b4                seg_buffer
 .bss.seg.0     0x00000000200000b9        0x1 ./Core/Src/led_display.o
 *fill*         0x00000000200000ba        0x2 
 .bss.htim2     0x00000000200000bc       0x48 ./Core/Src/main.o
                0x00000000200000bc                htim2
 .bss.tasks     0x0000000020000104        0x8 ./Core/Src/scheduler.o
                0x0000000020000104                tasks
 .bss.TaskID.0  0x000000002000010c        0x4 ./Core/Src/scheduler.o
 .bss.timer     0x0000000020000110       0x28 ./Core/Src/sw_timer.o
                0x0000000020000110                timer
 .bss.__sbrk_heap_end
                0x0000000020000138        0x4 ./Core/Src/sysmem.o
 .bss.uwTick    0x000000002000013c        0x4 ./Drivers/STM32F1xx_HAL_Driver/Src/stm32f1xx_hal.o
                0x000000002000013c                uwTick
 .bss.__malloc_free_list
                0x0000000020000140        0x4 D:/ST/STM32CubeIDE_1.13.2/STM32CubeIDE/plugins/com.st.stm32cube.ide.mcu.externaltools.gnu-tools-for-stm32.11.3.rel1.win32_1.1.1.202309131626/tools/bin/../lib/gcc/arm-none-eabi/11.3.1/../../../../arm-none-eabi/lib/thumb/v7-m/nofp\libc_nano.a(libc_a-mallocr.o)
                0x0000000020000140                __malloc_free_list
 .bss.__malloc_sbrk_start
                0x0000000020000144        0x4 D:/ST/STM32CubeIDE_1.13.2/STM32CubeIDE/plugins/com.st.stm32cube.ide.mcu.externaltools.gnu-tools-for-stm32.11.3.rel1.win32_1.1.1.202309131626/tools/bin/../lib/gcc/arm-none-eabi/11.3.1/../../../../arm-none-eabi/lib/thumb/v7-m/nofp\libc_nano.a(libc_a-mallocr.o)
                0x0000000020000144                __malloc_sbrk_start
 .bss.__sf      0x0000000020000148      0x138 D:/ST/STM32CubeIDE_1.13.2/STM32CubeIDE/plugins/com.st.stm32cube.ide.mcu.externaltools.gnu-tools-for-stm32.11.3.rel1.win32_1.1.1.202309131626/tools/bin/../lib/gcc/arm-none-eabi/11.3.1/../../../../arm-none-eabi/lib/thumb/v7-m/nofp\libc_nano.a(libc_a-findfp.o)
                0x0000000020000148                __sf
 .bss.errno     0x0000000020000280        0x4 D:/ST/STM32CubeIDE_1.13.2/STM32CubeIDE/plugins/com.st.stm32cube.ide.mcu.externaltools.gnu-tools-for-stm32.11.3.rel1.win32_1.1.1.202309131626/tools/bin/../lib/gcc/arm-none-eabi/11.3.1/../../../../arm-none-eabi/lib/thumb/v7-m/nofp\libc_nano.a(libc_a-reent.o)
                0x0000000020000280                errno
 .bss.__lock___malloc_recursive_mutex
                0x0000000020000284        0x1 D:/ST/STM32CubeIDE_1.13.2/STM32CubeIDE/plugins/com.st.stm32cube.ide.mcu.externaltools.gnu-tools-for-stm32.11.3.rel1.win32_1.1.1.202309131626/tools/bin/../lib/gcc/arm-none-eabi/11.3.1/../../../../arm-none-eabi/lib/thumb/v7-m/nofp\libc_nano.a(libc_a-lock.o)
                0x0000000020000284                __lock___malloc_recursive_mutex
 *(COMMON)
                0x0000000020000288                . = ALIGN (0x4)
 *fill*         0x0000000020000285        0x3 
                0x0000000020000288                _ebss = .
                0x0000000020000288                __bss_end__ = _ebss

._user_heap_stack
                0x0000000020000288      0x600 load address 0x0000000008002e34
                0x0000000020000288                . = ALIGN (0x8)
                [!provide]                        PROVIDE (end = .)
                0x0000000020000288                PROVIDE (_end = .)
                0x0000000020000488                . = (. + _Min_Heap_Size)
 *fill*         0x0000000020000288      0x200 
                0x0000000020000888                . = (. + _Min_Stack_Size)
 *fill*         0x0000000020000488      0x400 
                0x0000000020000888                . = ALIGN (0x8)

/DISCARD/
 libc.a(*)
 libm.a(*)
 libgcc.a(*)

.ARM.attributes
                0x0000000000000000       0x29
 *(.ARM.attributes)
 .ARM.attributes
                0x0000000000000000       0x1d D:/ST/STM32CubeIDE_1.13.2/STM32CubeIDE/plugins/com.st.stm32cube.ide.mcu.externaltools.gnu-tools-for-stm32.11.3.rel1.win32_1.1.1.202309131626/tools/bin/../lib/gcc/arm-none-eabi/11.3.1/thumb/v7-m/nofp/crti.o
 .ARM.attributes
                0x000000000000001d       0x2d D:/ST/STM32CubeIDE_1.13.2/STM32CubeIDE/plugins/com.st.stm32cube.ide.mcu.externaltools.gnu-tools-for-stm32.11.3.rel1.win32_1.1.1.202309131626/tools/bin/../lib/gcc/arm-none-eabi/11.3.1/thumb/v7-m/nofp/crtbegin.o
 .ARM.attributes
                0x000000000000004a       0x2d ./Core/Src/fsm_normal.o
 .ARM.attributes
                0x0000000000000077       0x2d ./Core/Src/fsm_setting.o
 .ARM.attributes
                0x00000000000000a4       0x2d ./Core/Src/input_processing.o
 .ARM.attributes
                0x00000000000000d1       0x2d ./Core/Src/input_reading.o
 .ARM.attributes
                0x00000000000000fe       0x2d ./Core/Src/led_display.o
 .ARM.attributes
                0x000000000000012b       0x2d ./Core/Src/main.o
 .ARM.attributes
                0x0000000000000158       0x2d ./Core/Src/scheduler.o
 .ARM.attributes
                0x0000000000000185       0x2d ./Core/Src/stm32f1xx_hal_msp.o
 .ARM.attributes
                0x00000000000001b2       0x2d ./Core/Src/stm32f1xx_it.o
 .ARM.attributes
                0x00000000000001df       0x2d ./Core/Src/sw_timer.o
 .ARM.attributes
                0x000000000000020c       0x2d ./Core/Src/sysmem.o
 .ARM.attributes
                0x0000000000000239       0x21 ./Core/Startup/startup_stm32f103c6ux.o
 .ARM.attributes
                0x000000000000025a       0x2d ./Drivers/CMSIS/Device/ST/STM32F1xx/Source/Templates/system_stm32f1xx.o
 .ARM.attributes
                0x0000000000000287       0x2d ./Drivers/STM32F1xx_HAL_Driver/Src/stm32f1xx_hal.o
 .ARM.attributes
                0x00000000000002b4       0x2d ./Drivers/STM32F1xx_HAL_Driver/Src/stm32f1xx_hal_cortex.o
 .ARM.attributes
                0x00000000000002e1       0x2d ./Drivers/STM32F1xx_HAL_Driver/Src/stm32f1xx_hal_gpio.o
 .ARM.attributes
                0x000000000000030e       0x2d ./Drivers/STM32F1xx_HAL_Driver/Src/stm32f1xx_hal_rcc.o
 .ARM.attributes
                0x000000000000033b       0x2d ./Drivers/STM32F1xx_HAL_Driver/Src/stm32f1xx_hal_tim.o
 .ARM.attributes
                0x0000000000000368       0x2d ./Drivers/STM32F1xx_HAL_Driver/Src/stm32f1xx_hal_tim_ex.o
 .ARM.attributes
                0x0000000000000395       0x2d D:/ST/STM32CubeIDE_1.13.2/STM32CubeIDE/plugins/com.st.stm32cube.ide.mcu.externaltools.gnu-tools-for-stm32.11.3.rel1.win32_1.1.1.202309131626/tools/bin/../lib/gcc/arm-none-eabi/11.3.1/../../../../arm-none-eabi/lib/thumb/v7-m/nofp\libc_nano.a(libc_a-malloc.o)
 .ARM.attributes
                0x00000000000003c2       0x2d D:/ST/STM32CubeIDE_1.13.2/STM32CubeIDE/plugins/com.st.stm32cube.ide.mcu.externaltools.gnu-tools-for-stm32.11.3.rel1.win32_1.1.1.202309131626/tools/bin/../lib/gcc/arm-none-eabi/11.3.1/../../../../arm-none-eabi/lib/thumb/v7-m/nofp\libc_nano.a(libc_a-mallocr.o)
 .ARM.attributes
                0x00000000000003ef       0x2d D:/ST/STM32CubeIDE_1.13.2/STM32CubeIDE/plugins/com.st.stm32cube.ide.mcu.externaltools.gnu-tools-for-stm32.11.3.rel1.win32_1.1.1.202309131626/tools/bin/../lib/gcc/arm-none-eabi/11.3.1/../../../../arm-none-eabi/lib/thumb/v7-m/nofp\libc_nano.a(libc_a-mlock.o)
 .ARM.attributes
                0x000000000000041c       0x2d D:/ST/STM32CubeIDE_1.13.2/STM32CubeIDE/plugins/com.st.stm32cube.ide.mcu.externaltools.gnu-tools-for-stm32.11.3.rel1.win32_1.1.1.202309131626/tools/bin/../lib/gcc/arm-none-eabi/11.3.1/../../../../arm-none-eabi/lib/thumb/v7-m/nofp\libc_nano.a(libc_a-findfp.o)
 .ARM.attributes
                0x0000000000000449       0x2d D:/ST/STM32CubeIDE_1.13.2/STM32CubeIDE/plugins/com.st.stm32cube.ide.mcu.externaltools.gnu-tools-for-stm32.11.3.rel1.win32_1.1.1.202309131626/tools/bin/../lib/gcc/arm-none-eabi/11.3.1/../../../../arm-none-eabi/lib/thumb/v7-m/nofp\libc_nano.a(libc_a-memset.o)
 .ARM.attributes
                0x0000000000000476       0x2d D:/ST/STM32CubeIDE_1.13.2/STM32CubeIDE/plugins/com.st.stm32cube.ide.mcu.externaltools.gnu-tools-for-stm32.11.3.rel1.win32_1.1.1.202309131626/tools/bin/../lib/gcc/arm-none-eabi/11.3.1/../../../../arm-none-eabi/lib/thumb/v7-m/nofp\libc_nano.a(libc_a-reent.o)
 .ARM.attributes
                0x00000000000004a3       0x2d D:/ST/STM32CubeIDE_1.13.2/STM32CubeIDE/plugins/com.st.stm32cube.ide.mcu.externaltools.gnu-tools-for-stm32.11.3.rel1.win32_1.1.1.202309131626/tools/bin/../lib/gcc/arm-none-eabi/11.3.1/../../../../arm-none-eabi/lib/thumb/v7-m/nofp\libc_nano.a(libc_a-impure.o)
 .ARM.attributes
                0x00000000000004d0       0x2d D:/ST/STM32CubeIDE_1.13.2/STM32CubeIDE/plugins/com.st.stm32cube.ide.mcu.externaltools.gnu-tools-for-stm32.11.3.rel1.win32_1.1.1.202309131626/tools/bin/../lib/gcc/arm-none-eabi/11.3.1/../../../../arm-none-eabi/lib/thumb/v7-m/nofp\libc_nano.a(libc_a-sbrkr.o)
 .ARM.attributes
                0x00000000000004fd       0x2d D:/ST/STM32CubeIDE_1.13.2/STM32CubeIDE/plugins/com.st.stm32cube.ide.mcu.externaltools.gnu-tools-for-stm32.11.3.rel1.win32_1.1.1.202309131626/tools/bin/../lib/gcc/arm-none-eabi/11.3.1/../../../../arm-none-eabi/lib/thumb/v7-m/nofp\libc_nano.a(libc_a-errno.o)
 .ARM.attributes
                0x000000000000052a       0x2d D:/ST/STM32CubeIDE_1.13.2/STM32CubeIDE/plugins/com.st.stm32cube.ide.mcu.externaltools.gnu-tools-for-stm32.11.3.rel1.win32_1.1.1.202309131626/tools/bin/../lib/gcc/arm-none-eabi/11.3.1/../../../../arm-none-eabi/lib/thumb/v7-m/nofp\libc_nano.a(libc_a-init.o)
 .ARM.attributes
                0x0000000000000557       0x2d D:/ST/STM32CubeIDE_1.13.2/STM32CubeIDE/plugins/com.st.stm32cube.ide.mcu.externaltools.gnu-tools-for-stm32.11.3.rel1.win32_1.1.1.202309131626/tools/bin/../lib/gcc/arm-none-eabi/11.3.1/../../../../arm-none-eabi/lib/thumb/v7-m/nofp\libc_nano.a(libc_a-lock.o)
 .ARM.attributes
                0x0000000000000584       0x2d D:/ST/STM32CubeIDE_1.13.2/STM32CubeIDE/plugins/com.st.stm32cube.ide.mcu.externaltools.gnu-tools-for-stm32.11.3.rel1.win32_1.1.1.202309131626/tools/bin/../lib/gcc/arm-none-eabi/11.3.1/../../../../arm-none-eabi/lib/thumb/v7-m/nofp\libc_nano.a(libc_a-freer.o)
 .ARM.attributes
                0x00000000000005b1       0x1d D:/ST/STM32CubeIDE_1.13.2/STM32CubeIDE/plugins/com.st.stm32cube.ide.mcu.externaltools.gnu-tools-for-stm32.11.3.rel1.win32_1.1.1.202309131626/tools/bin/../lib/gcc/arm-none-eabi/11.3.1/thumb/v7-m/nofp/crtn.o
OUTPUT(lab3.elf elf32-littlearm)
LOAD linker stubs
LOAD D:/ST/STM32CubeIDE_1.13.2/STM32CubeIDE/plugins/com.st.stm32cube.ide.mcu.externaltools.gnu-tools-for-stm32.11.3.rel1.win32_1.1.1.202309131626/tools/bin/../lib/gcc/arm-none-eabi/11.3.1/../../../../arm-none-eabi/lib/thumb/v7-m/nofp\libc.a
LOAD D:/ST/STM32CubeIDE_1.13.2/STM32CubeIDE/plugins/com.st.stm32cube.ide.mcu.externaltools.gnu-tools-for-stm32.11.3.rel1.win32_1.1.1.202309131626/tools/bin/../lib/gcc/arm-none-eabi/11.3.1/../../../../arm-none-eabi/lib/thumb/v7-m/nofp\libm.a
LOAD D:/ST/STM32CubeIDE_1.13.2/STM32CubeIDE/plugins/com.st.stm32cube.ide.mcu.externaltools.gnu-tools-for-stm32.11.3.rel1.win32_1.1.1.202309131626/tools/bin/../lib/gcc/arm-none-eabi/11.3.1/thumb/v7-m/nofp\libgcc.a

.comment        0x0000000000000000       0x43
 .comment       0x0000000000000000       0x43 D:/ST/STM32CubeIDE_1.13.2/STM32CubeIDE/plugins/com.st.stm32cube.ide.mcu.externaltools.gnu-tools-for-stm32.11.3.rel1.win32_1.1.1.202309131626/tools/bin/../lib/gcc/arm-none-eabi/11.3.1/thumb/v7-m/nofp/crtbegin.o
                                         0x44 (size before relaxing)
 .comment       0x0000000000000043       0x44 ./Core/Src/fsm_normal.o
 .comment       0x0000000000000043       0x44 ./Core/Src/fsm_setting.o
 .comment       0x0000000000000043       0x44 ./Core/Src/input_processing.o
 .comment       0x0000000000000043       0x44 ./Core/Src/input_reading.o
 .comment       0x0000000000000043       0x44 ./Core/Src/led_display.o
 .comment       0x0000000000000043       0x44 ./Core/Src/main.o
 .comment       0x0000000000000043       0x44 ./Core/Src/scheduler.o
 .comment       0x0000000000000043       0x44 ./Core/Src/stm32f1xx_hal_msp.o
 .comment       0x0000000000000043       0x44 ./Core/Src/stm32f1xx_it.o
 .comment       0x0000000000000043       0x44 ./Core/Src/sw_timer.o
 .comment       0x0000000000000043       0x44 ./Core/Src/sysmem.o
 .comment       0x0000000000000043       0x44 ./Drivers/CMSIS/Device/ST/STM32F1xx/Source/Templates/system_stm32f1xx.o
 .comment       0x0000000000000043       0x44 ./Drivers/STM32F1xx_HAL_Driver/Src/stm32f1xx_hal.o
 .comment       0x0000000000000043       0x44 ./Drivers/STM32F1xx_HAL_Driver/Src/stm32f1xx_hal_cortex.o
 .comment       0x0000000000000043       0x44 ./Drivers/STM32F1xx_HAL_Driver/Src/stm32f1xx_hal_gpio.o
 .comment       0x0000000000000043       0x44 ./Drivers/STM32F1xx_HAL_Driver/Src/stm32f1xx_hal_rcc.o
 .comment       0x0000000000000043       0x44 ./Drivers/STM32F1xx_HAL_Driver/Src/stm32f1xx_hal_tim.o
 .comment       0x0000000000000043       0x44 ./Drivers/STM32F1xx_HAL_Driver/Src/stm32f1xx_hal_tim_ex.o

.debug_info     0x0000000000000000     0x90a5
 .debug_info    0x0000000000000000      0x2fe ./Core/Src/fsm_normal.o
 .debug_info    0x00000000000002fe      0x3b6 ./Core/Src/fsm_setting.o
 .debug_info    0x00000000000006b4      0x27b ./Core/Src/input_processing.o
 .debug_info    0x000000000000092f      0x2e7 ./Core/Src/input_reading.o
 .debug_info    0x0000000000000c16      0x380 ./Core/Src/led_display.o
 .debug_info    0x0000000000000f96      0xcb8 ./Core/Src/main.o
 .debug_info    0x0000000000001c4e      0x35f ./Core/Src/scheduler.o
 .debug_info    0x0000000000001fad      0x893 ./Core/Src/stm32f1xx_hal_msp.o
 .debug_info    0x0000000000002840      0x6a8 ./Core/Src/stm32f1xx_it.o
 .debug_info    0x0000000000002ee8      0x14d ./Core/Src/sw_timer.o
 .debug_info    0x0000000000003035      0x168 ./Core/Src/sysmem.o
 .debug_info    0x000000000000319d       0x23 ./Core/Startup/startup_stm32f103c6ux.o
 .debug_info    0x00000000000031c0      0x222 ./Drivers/CMSIS/Device/ST/STM32F1xx/Source/Templates/system_stm32f1xx.o
 .debug_info    0x00000000000033e2      0x6e6 ./Drivers/STM32F1xx_HAL_Driver/Src/stm32f1xx_hal.o
 .debug_info    0x0000000000003ac8      0xa69 ./Drivers/STM32F1xx_HAL_Driver/Src/stm32f1xx_hal_cortex.o
 .debug_info    0x0000000000004531      0x5ab ./Drivers/STM32F1xx_HAL_Driver/Src/stm32f1xx_hal_gpio.o
 .debug_info    0x0000000000004adc      0x7d5 ./Drivers/STM32F1xx_HAL_Driver/Src/stm32f1xx_hal_rcc.o
 .debug_info    0x00000000000052b1     0x2959 ./Drivers/STM32F1xx_HAL_Driver/Src/stm32f1xx_hal_tim.o
 .debug_info    0x0000000000007c0a     0x149b ./Drivers/STM32F1xx_HAL_Driver/Src/stm32f1xx_hal_tim_ex.o

.debug_abbrev   0x0000000000000000     0x205f
 .debug_abbrev  0x0000000000000000      0x14f ./Core/Src/fsm_normal.o
 .debug_abbrev  0x000000000000014f      0x164 ./Core/Src/fsm_setting.o
 .debug_abbrev  0x00000000000002b3      0x165 ./Core/Src/input_processing.o
 .debug_abbrev  0x0000000000000418      0x181 ./Core/Src/input_reading.o
 .debug_abbrev  0x0000000000000599      0x1ed ./Core/Src/led_display.o
 .debug_abbrev  0x0000000000000786      0x2bb ./Core/Src/main.o
 .debug_abbrev  0x0000000000000a41      0x190 ./Core/Src/scheduler.o
 .debug_abbrev  0x0000000000000bd1      0x1ad ./Core/Src/stm32f1xx_hal_msp.o
 .debug_abbrev  0x0000000000000d7e      0x191 ./Core/Src/stm32f1xx_it.o
 .debug_abbrev  0x0000000000000f0f       0xd4 ./Core/Src/sw_timer.o
 .debug_abbrev  0x0000000000000fe3       0xbc ./Core/Src/sysmem.o
 .debug_abbrev  0x000000000000109f       0x12 ./Core/Startup/startup_stm32f103c6ux.o
 .debug_abbrev  0x00000000000010b1      0x13f ./Drivers/CMSIS/Device/ST/STM32F1xx/Source/Templates/system_stm32f1xx.o
 .debug_abbrev  0x00000000000011f0      0x201 ./Drivers/STM32F1xx_HAL_Driver/Src/stm32f1xx_hal.o
 .debug_abbrev  0x00000000000013f1      0x2f8 ./Drivers/STM32F1xx_HAL_Driver/Src/stm32f1xx_hal_cortex.o
 .debug_abbrev  0x00000000000016e9      0x1ca ./Drivers/STM32F1xx_HAL_Driver/Src/stm32f1xx_hal_gpio.o
 .debug_abbrev  0x00000000000018b3      0x2b3 ./Drivers/STM32F1xx_HAL_Driver/Src/stm32f1xx_hal_rcc.o
 .debug_abbrev  0x0000000000001b66      0x277 ./Drivers/STM32F1xx_HAL_Driver/Src/stm32f1xx_hal_tim.o
 .debug_abbrev  0x0000000000001ddd      0x282 ./Drivers/STM32F1xx_HAL_Driver/Src/stm32f1xx_hal_tim_ex.o

.debug_aranges  0x0000000000000000      0xad8
 .debug_aranges
                0x0000000000000000       0x30 ./Core/Src/fsm_normal.o
 .debug_aranges
                0x0000000000000030       0x20 ./Core/Src/fsm_setting.o
 .debug_aranges
                0x0000000000000050       0x38 ./Core/Src/input_processing.o
 .debug_aranges
                0x0000000000000088       0x30 ./Core/Src/input_reading.o
 .debug_aranges
                0x00000000000000b8       0x50 ./Core/Src/led_display.o
 .debug_aranges
                0x0000000000000108       0x48 ./Core/Src/main.o
 .debug_aranges
                0x0000000000000150       0x50 ./Core/Src/scheduler.o
 .debug_aranges
                0x00000000000001a0       0x30 ./Core/Src/stm32f1xx_hal_msp.o
 .debug_aranges
                0x00000000000001d0       0x68 ./Core/Src/stm32f1xx_it.o
 .debug_aranges
                0x0000000000000238       0x30 ./Core/Src/sw_timer.o
 .debug_aranges
                0x0000000000000268       0x20 ./Core/Src/sysmem.o
 .debug_aranges
                0x0000000000000288       0x28 ./Core/Startup/startup_stm32f103c6ux.o
 .debug_aranges
                0x00000000000002b0       0x28 ./Drivers/CMSIS/Device/ST/STM32F1xx/Source/Templates/system_stm32f1xx.o
 .debug_aranges
                0x00000000000002d8       0xe0 ./Drivers/STM32F1xx_HAL_Driver/Src/stm32f1xx_hal.o
 .debug_aranges
                0x00000000000003b8      0x100 ./Drivers/STM32F1xx_HAL_Driver/Src/stm32f1xx_hal_cortex.o
 .debug_aranges
                0x00000000000004b8       0x58 ./Drivers/STM32F1xx_HAL_Driver/Src/stm32f1xx_hal_gpio.o
 .debug_aranges
                0x0000000000000510       0x90 ./Drivers/STM32F1xx_HAL_Driver/Src/stm32f1xx_hal_rcc.o
 .debug_aranges
                0x00000000000005a0      0x3d0 ./Drivers/STM32F1xx_HAL_Driver/Src/stm32f1xx_hal_tim.o
 .debug_aranges
                0x0000000000000970      0x168 ./Drivers/STM32F1xx_HAL_Driver/Src/stm32f1xx_hal_tim_ex.o

.debug_rnglists
                0x0000000000000000      0x836
 .debug_rnglists
                0x0000000000000000       0x20 ./Core/Src/fsm_normal.o
 .debug_rnglists
                0x0000000000000020       0x14 ./Core/Src/fsm_setting.o
 .debug_rnglists
                0x0000000000000034       0x27 ./Core/Src/input_processing.o
 .debug_rnglists
                0x000000000000005b       0x20 ./Core/Src/input_reading.o
 .debug_rnglists
                0x000000000000007b       0x39 ./Core/Src/led_display.o
 .debug_rnglists
                0x00000000000000b4       0x34 ./Core/Src/main.o
 .debug_rnglists
                0x00000000000000e8       0x39 ./Core/Src/scheduler.o
 .debug_rnglists
                0x0000000000000121       0x1f ./Core/Src/stm32f1xx_hal_msp.o
 .debug_rnglists
                0x0000000000000140       0x49 ./Core/Src/stm32f1xx_it.o
 .debug_rnglists
                0x0000000000000189       0x1f ./Core/Src/sw_timer.o
 .debug_rnglists
                0x00000000000001a8       0x13 ./Core/Src/sysmem.o
 .debug_rnglists
                0x00000000000001bb       0x19 ./Core/Startup/startup_stm32f103c6ux.o
 .debug_rnglists
                0x00000000000001d4       0x1a ./Drivers/CMSIS/Device/ST/STM32F1xx/Source/Templates/system_stm32f1xx.o
 .debug_rnglists
                0x00000000000001ee       0xa3 ./Drivers/STM32F1xx_HAL_Driver/Src/stm32f1xx_hal.o
 .debug_rnglists
                0x0000000000000291       0xbb ./Drivers/STM32F1xx_HAL_Driver/Src/stm32f1xx_hal_cortex.o
 .debug_rnglists
                0x000000000000034c       0x3f ./Drivers/STM32F1xx_HAL_Driver/Src/stm32f1xx_hal_gpio.o
 .debug_rnglists
                0x000000000000038b       0x6c ./Drivers/STM32F1xx_HAL_Driver/Src/stm32f1xx_hal_rcc.o
 .debug_rnglists
                0x00000000000003f7      0x31a ./Drivers/STM32F1xx_HAL_Driver/Src/stm32f1xx_hal_tim.o
 .debug_rnglists
                0x0000000000000711      0x125 ./Drivers/STM32F1xx_HAL_Driver/Src/stm32f1xx_hal_tim_ex.o

.debug_macro    0x0000000000000000    0x185c0
 .debug_macro   0x0000000000000000      0x2b8 ./Core/Src/fsm_normal.o
 .debug_macro   0x00000000000002b8      0xa9c ./Core/Src/fsm_normal.o
 .debug_macro   0x0000000000000d54      0x215 ./Core/Src/fsm_normal.o
 .debug_macro   0x0000000000000f69       0x2e ./Core/Src/fsm_normal.o
 .debug_macro   0x0000000000000f97       0x22 ./Core/Src/fsm_normal.o
 .debug_macro   0x0000000000000fb9       0x22 ./Core/Src/fsm_normal.o
 .debug_macro   0x0000000000000fdb       0x8e ./Core/Src/fsm_normal.o
 .debug_macro   0x0000000000001069       0x51 ./Core/Src/fsm_normal.o
 .debug_macro   0x00000000000010ba      0x103 ./Core/Src/fsm_normal.o
 .debug_macro   0x00000000000011bd       0x6a ./Core/Src/fsm_normal.o
 .debug_macro   0x0000000000001227      0x1df ./Core/Src/fsm_normal.o
 .debug_macro   0x0000000000001406       0x1c ./Core/Src/fsm_normal.o
 .debug_macro   0x0000000000001422       0x22 ./Core/Src/fsm_normal.o
 .debug_macro   0x0000000000001444       0xbd ./Core/Src/fsm_normal.o
 .debug_macro   0x0000000000001501      0xd23 ./Core/Src/fsm_normal.o
 .debug_macro   0x0000000000002224     0xde75 ./Core/Src/fsm_normal.o
 .debug_macro   0x0000000000010099       0x6d ./Core/Src/fsm_normal.o
 .debug_macro   0x0000000000010106     0x34a2 ./Core/Src/fsm_normal.o
 .debug_macro   0x00000000000135a8      0x174 ./Core/Src/fsm_normal.o
 .debug_macro   0x000000000001371c       0x5c ./Core/Src/fsm_normal.o
 .debug_macro   0x0000000000013778      0x5bc ./Core/Src/fsm_normal.o
 .debug_macro   0x0000000000013d34      0x1b7 ./Core/Src/fsm_normal.o
 .debug_macro   0x0000000000013eeb      0x1cb ./Core/Src/fsm_normal.o
 .debug_macro   0x00000000000140b6      0x114 ./Core/Src/fsm_normal.o
 .debug_macro   0x00000000000141ca      0x1b2 ./Core/Src/fsm_normal.o
 .debug_macro   0x000000000001437c       0x27 ./Core/Src/fsm_normal.o
 .debug_macro   0x00000000000143a3      0x12f ./Core/Src/fsm_normal.o
 .debug_macro   0x00000000000144d2      0x1bc ./Core/Src/fsm_normal.o
 .debug_macro   0x000000000001468e       0x34 ./Core/Src/fsm_normal.o
 .debug_macro   0x00000000000146c2       0x3c ./Core/Src/fsm_normal.o
 .debug_macro   0x00000000000146fe       0x57 ./Core/Src/fsm_normal.o
 .debug_macro   0x0000000000014755       0x87 ./Core/Src/fsm_normal.o
 .debug_macro   0x00000000000147dc      0x183 ./Core/Src/fsm_normal.o
 .debug_macro   0x000000000001495f      0x140 ./Core/Src/fsm_normal.o
 .debug_macro   0x0000000000014a9f      0x8ed ./Core/Src/fsm_normal.o
 .debug_macro   0x000000000001538c       0x69 ./Core/Src/fsm_normal.o
 .debug_macro   0x00000000000153f5       0x28 ./Core/Src/fsm_normal.o
 .debug_macro   0x000000000001541d       0x22 ./Core/Src/fsm_normal.o
 .debug_macro   0x000000000001543f       0x10 ./Core/Src/fsm_normal.o
 .debug_macro   0x000000000001544f       0x8e ./Core/Src/fsm_normal.o
 .debug_macro   0x00000000000154dd       0x10 ./Core/Src/fsm_normal.o
 .debug_macro   0x00000000000154ed       0x24 ./Core/Src/fsm_normal.o
 .debug_macro   0x0000000000015511       0x61 ./Core/Src/fsm_normal.o
 .debug_macro   0x0000000000015572       0x43 ./Core/Src/fsm_normal.o
 .debug_macro   0x00000000000155b5       0x34 ./Core/Src/fsm_normal.o
 .debug_macro   0x00000000000155e9       0x16 ./Core/Src/fsm_normal.o
 .debug_macro   0x00000000000155ff       0x35 ./Core/Src/fsm_normal.o
 .debug_macro   0x0000000000015634       0x16 ./Core/Src/fsm_normal.o
 .debug_macro   0x000000000001564a       0x43 ./Core/Src/fsm_normal.o
 .debug_macro   0x000000000001568d       0x34 ./Core/Src/fsm_normal.o
 .debug_macro   0x00000000000156c1       0x10 ./Core/Src/fsm_normal.o
 .debug_macro   0x00000000000156d1       0x58 ./Core/Src/fsm_normal.o
 .debug_macro   0x0000000000015729       0x8e ./Core/Src/fsm_normal.o
 .debug_macro   0x00000000000157b7       0x1c ./Core/Src/fsm_normal.o
 .debug_macro   0x00000000000157d3      0x177 ./Core/Src/fsm_normal.o
 .debug_macro   0x000000000001594a      0x369 ./Core/Src/fsm_normal.o
 .debug_macro   0x0000000000015cb3       0x16 ./Core/Src/fsm_normal.o
 .debug_macro   0x0000000000015cc9       0x29 ./Core/Src/fsm_normal.o
 .debug_macro   0x0000000000015cf2       0x28 ./Core/Src/fsm_normal.o
 .debug_macro   0x0000000000015d1a      0x100 ./Core/Src/fsm_normal.o
 .debug_macro   0x0000000000015e1a      0x2b8 ./Core/Src/fsm_setting.o
 .debug_macro   0x00000000000160d2      0x2b8 ./Core/Src/input_processing.o
 .debug_macro   0x000000000001638a      0x2b8 ./Core/Src/input_reading.o
 .debug_macro   0x0000000000016642      0x2b8 ./Core/Src/led_display.o
 .debug_macro   0x00000000000168fa      0x2b8 ./Core/Src/main.o
 .debug_macro   0x0000000000016bb2      0x143 ./Core/Src/scheduler.o
 .debug_macro   0x0000000000016cf5      0x10e ./Core/Src/scheduler.o
 .debug_macro   0x0000000000016e03       0x8d ./Core/Src/scheduler.o
 .debug_macro   0x0000000000016e90      0x2b8 ./Core/Src/stm32f1xx_hal_msp.o
 .debug_macro   0x0000000000017148      0x2c2 ./Core/Src/stm32f1xx_it.o
 .debug_macro   0x000000000001740a      0x2b8 ./Core/Src/sw_timer.o
 .debug_macro   0x00000000000176c2       0xff ./Core/Src/sysmem.o
 .debug_macro   0x00000000000177c1      0x23c ./Core/Src/sysmem.o
 .debug_macro   0x00000000000179fd      0x197 ./Drivers/CMSIS/Device/ST/STM32F1xx/Source/Templates/system_stm32f1xx.o
 .debug_macro   0x0000000000017b94      0x1bb ./Drivers/STM32F1xx_HAL_Driver/Src/stm32f1xx_hal.o
 .debug_macro   0x0000000000017d4f      0x197 ./Drivers/STM32F1xx_HAL_Driver/Src/stm32f1xx_hal_cortex.o
 .debug_macro   0x0000000000017ee6      0x202 ./Drivers/STM32F1xx_HAL_Driver/Src/stm32f1xx_hal_gpio.o
 .debug_macro   0x00000000000180e8      0x1a9 ./Drivers/STM32F1xx_HAL_Driver/Src/stm32f1xx_hal_rcc.o
 .debug_macro   0x0000000000018291      0x198 ./Drivers/STM32F1xx_HAL_Driver/Src/stm32f1xx_hal_tim.o
 .debug_macro   0x0000000000018429      0x197 ./Drivers/STM32F1xx_HAL_Driver/Src/stm32f1xx_hal_tim_ex.o

.debug_line     0x0000000000000000     0xe51b
 .debug_line    0x0000000000000000      0xa0d ./Core/Src/fsm_normal.o
 .debug_line    0x0000000000000a0d      0x9d0 ./Core/Src/fsm_setting.o
 .debug_line    0x00000000000013dd      0x9d2 ./Core/Src/input_processing.o
 .debug_line    0x0000000000001daf      0x951 ./Core/Src/input_reading.o
 .debug_line    0x0000000000002700      0x9e5 ./Core/Src/led_display.o
 .debug_line    0x00000000000030e5      0x9e3 ./Core/Src/main.o
 .debug_line    0x0000000000003ac8      0x7b2 ./Core/Src/scheduler.o
 .debug_line    0x000000000000427a      0x8eb ./Core/Src/stm32f1xx_hal_msp.o
 .debug_line    0x0000000000004b65      0x98a ./Core/Src/stm32f1xx_it.o
 .debug_line    0x00000000000054ef      0x8fc ./Core/Src/sw_timer.o
 .debug_line    0x0000000000005deb      0x579 ./Core/Src/sysmem.o
 .debug_line    0x0000000000006364       0x78 ./Core/Startup/startup_stm32f103c6ux.o
 .debug_line    0x00000000000063dc      0x78d ./Drivers/CMSIS/Device/ST/STM32F1xx/Source/Templates/system_stm32f1xx.o
 .debug_line    0x0000000000006b69      0x990 ./Drivers/STM32F1xx_HAL_Driver/Src/stm32f1xx_hal.o
 .debug_line    0x00000000000074f9      0xb78 ./Drivers/STM32F1xx_HAL_Driver/Src/stm32f1xx_hal_cortex.o
 .debug_line    0x0000000000008071      0xa14 ./Drivers/STM32F1xx_HAL_Driver/Src/stm32f1xx_hal_gpio.o
 .debug_line    0x0000000000008a85      0xd99 ./Drivers/STM32F1xx_HAL_Driver/Src/stm32f1xx_hal_rcc.o
 .debug_line    0x000000000000981e     0x344e ./Drivers/STM32F1xx_HAL_Driver/Src/stm32f1xx_hal_tim.o
 .debug_line    0x000000000000cc6c     0x18af ./Drivers/STM32F1xx_HAL_Driver/Src/stm32f1xx_hal_tim_ex.o

.debug_str      0x0000000000000000    0x861d8
 .debug_str     0x0000000000000000    0x82eee ./Core/Src/fsm_normal.o
                                      0x8327d (size before relaxing)
 .debug_str     0x0000000000082eee       0xb6 ./Core/Src/fsm_setting.o
                                      0x832f7 (size before relaxing)
 .debug_str     0x0000000000082fa4       0xca ./Core/Src/input_processing.o
                                      0x8325a (size before relaxing)
 .debug_str     0x000000000008306e       0xa4 ./Core/Src/input_reading.o
                                      0x83255 (size before relaxing)
 .debug_str     0x0000000000083112       0x91 ./Core/Src/led_display.o
                                      0x8324d (size before relaxing)
 .debug_str     0x00000000000831a3      0x7ee ./Core/Src/main.o
                                      0x83afa (size before relaxing)
 .debug_str     0x0000000000083991       0xee ./Core/Src/scheduler.o
                                       0x73c6 (size before relaxing)
 .debug_str     0x0000000000083a7f      0x2d2 ./Core/Src/stm32f1xx_hal_msp.o
                                      0x8390a (size before relaxing)
 .debug_str     0x0000000000083d51       0xec ./Core/Src/stm32f1xx_it.o
                                      0x83673 (size before relaxing)
 .debug_str     0x0000000000083e3d       0x25 ./Core/Src/sw_timer.o
                                      0x8312d (size before relaxing)
 .debug_str     0x0000000000083e62      0x4dc ./Core/Src/sysmem.o
                                       0x601d (size before relaxing)
 .debug_str     0x000000000008433e       0x34 ./Core/Startup/startup_stm32f103c6ux.o
                                         0x87 (size before relaxing)
 .debug_str     0x0000000000084372       0xa8 ./Drivers/CMSIS/Device/ST/STM32F1xx/Source/Templates/system_stm32f1xx.o
                                      0x7f716 (size before relaxing)
 .debug_str     0x000000000008441a      0x38e ./Drivers/STM32F1xx_HAL_Driver/Src/stm32f1xx_hal.o
                                      0x7fde5 (size before relaxing)
 .debug_str     0x00000000000847a8      0x29e ./Drivers/STM32F1xx_HAL_Driver/Src/stm32f1xx_hal_cortex.o
                                      0x7fd31 (size before relaxing)
 .debug_str     0x0000000000084a46      0x2f6 ./Drivers/STM32F1xx_HAL_Driver/Src/stm32f1xx_hal_gpio.o
                                      0x7fa72 (size before relaxing)
 .debug_str     0x0000000000084d3c      0x229 ./Drivers/STM32F1xx_HAL_Driver/Src/stm32f1xx_hal_rcc.o
                                      0x7fb1b (size before relaxing)
 .debug_str     0x0000000000084f65      0xde0 ./Drivers/STM32F1xx_HAL_Driver/Src/stm32f1xx_hal_tim.o
                                      0x80b1d (size before relaxing)
 .debug_str     0x0000000000085d45      0x493 ./Drivers/STM32F1xx_HAL_Driver/Src/stm32f1xx_hal_tim_ex.o
                                      0x80329 (size before relaxing)

.debug_frame    0x0000000000000000     0x2da0
 .debug_frame   0x0000000000000000       0x64 ./Core/Src/fsm_normal.o
 .debug_frame   0x0000000000000064       0x2c ./Core/Src/fsm_setting.o
 .debug_frame   0x0000000000000090       0x9c ./Core/Src/input_processing.o
 .debug_frame   0x000000000000012c       0x88 ./Core/Src/input_reading.o
 .debug_frame   0x00000000000001b4      0x104 ./Core/Src/led_display.o
 .debug_frame   0x00000000000002b8       0xd4 ./Core/Src/main.o
 .debug_frame   0x000000000000038c      0x108 ./Core/Src/scheduler.o
 .debug_frame   0x0000000000000494       0x80 ./Core/Src/stm32f1xx_hal_msp.o
 .debug_frame   0x0000000000000514      0x120 ./Core/Src/stm32f1xx_it.o
 .debug_frame   0x0000000000000634       0x88 ./Core/Src/sw_timer.o
 .debug_frame   0x00000000000006bc       0x34 ./Core/Src/sysmem.o
 .debug_frame   0x00000000000006f0       0x58 ./Drivers/CMSIS/Device/ST/STM32F1xx/Source/Templates/system_stm32f1xx.o
 .debug_frame   0x0000000000000748      0x334 ./Drivers/STM32F1xx_HAL_Driver/Src/stm32f1xx_hal.o
 .debug_frame   0x0000000000000a7c      0x428 ./Drivers/STM32F1xx_HAL_Driver/Src/stm32f1xx_hal_cortex.o
 .debug_frame   0x0000000000000ea4      0x14c ./Drivers/STM32F1xx_HAL_Driver/Src/stm32f1xx_hal_gpio.o
 .debug_frame   0x0000000000000ff0      0x218 ./Drivers/STM32F1xx_HAL_Driver/Src/stm32f1xx_hal_rcc.o
 .debug_frame   0x0000000000001208     0x11b4 ./Drivers/STM32F1xx_HAL_Driver/Src/stm32f1xx_hal_tim.o
 .debug_frame   0x00000000000023bc      0x638 ./Drivers/STM32F1xx_HAL_Driver/Src/stm32f1xx_hal_tim_ex.o
 .debug_frame   0x00000000000029f4       0x30 D:/ST/STM32CubeIDE_1.13.2/STM32CubeIDE/plugins/com.st.stm32cube.ide.mcu.externaltools.gnu-tools-for-stm32.11.3.rel1.win32_1.1.1.202309131626/tools/bin/../lib/gcc/arm-none-eabi/11.3.1/../../../../arm-none-eabi/lib/thumb/v7-m/nofp\libc_nano.a(libc_a-malloc.o)
 .debug_frame   0x0000000000002a24       0x50 D:/ST/STM32CubeIDE_1.13.2/STM32CubeIDE/plugins/com.st.stm32cube.ide.mcu.externaltools.gnu-tools-for-stm32.11.3.rel1.win32_1.1.1.202309131626/tools/bin/../lib/gcc/arm-none-eabi/11.3.1/../../../../arm-none-eabi/lib/thumb/v7-m/nofp\libc_nano.a(libc_a-mallocr.o)
 .debug_frame   0x0000000000002a74       0x30 D:/ST/STM32CubeIDE_1.13.2/STM32CubeIDE/plugins/com.st.stm32cube.ide.mcu.externaltools.gnu-tools-for-stm32.11.3.rel1.win32_1.1.1.202309131626/tools/bin/../lib/gcc/arm-none-eabi/11.3.1/../../../../arm-none-eabi/lib/thumb/v7-m/nofp\libc_nano.a(libc_a-mlock.o)
 .debug_frame   0x0000000000002aa4      0x144 D:/ST/STM32CubeIDE_1.13.2/STM32CubeIDE/plugins/com.st.stm32cube.ide.mcu.externaltools.gnu-tools-for-stm32.11.3.rel1.win32_1.1.1.202309131626/tools/bin/../lib/gcc/arm-none-eabi/11.3.1/../../../../arm-none-eabi/lib/thumb/v7-m/nofp\libc_nano.a(libc_a-findfp.o)
 .debug_frame   0x0000000000002be8       0x20 D:/ST/STM32CubeIDE_1.13.2/STM32CubeIDE/plugins/com.st.stm32cube.ide.mcu.externaltools.gnu-tools-for-stm32.11.3.rel1.win32_1.1.1.202309131626/tools/bin/../lib/gcc/arm-none-eabi/11.3.1/../../../../arm-none-eabi/lib/thumb/v7-m/nofp\libc_nano.a(libc_a-memset.o)
 .debug_frame   0x0000000000002c08       0x38 D:/ST/STM32CubeIDE_1.13.2/STM32CubeIDE/plugins/com.st.stm32cube.ide.mcu.externaltools.gnu-tools-for-stm32.11.3.rel1.win32_1.1.1.202309131626/tools/bin/../lib/gcc/arm-none-eabi/11.3.1/../../../../arm-none-eabi/lib/thumb/v7-m/nofp\libc_nano.a(libc_a-reent.o)
 .debug_frame   0x0000000000002c40       0x2c D:/ST/STM32CubeIDE_1.13.2/STM32CubeIDE/plugins/com.st.stm32cube.ide.mcu.externaltools.gnu-tools-for-stm32.11.3.rel1.win32_1.1.1.202309131626/tools/bin/../lib/gcc/arm-none-eabi/11.3.1/../../../../arm-none-eabi/lib/thumb/v7-m/nofp\libc_nano.a(libc_a-sbrkr.o)
 .debug_frame   0x0000000000002c6c       0x20 D:/ST/STM32CubeIDE_1.13.2/STM32CubeIDE/plugins/com.st.stm32cube.ide.mcu.externaltools.gnu-tools-for-stm32.11.3.rel1.win32_1.1.1.202309131626/tools/bin/../lib/gcc/arm-none-eabi/11.3.1/../../../../arm-none-eabi/lib/thumb/v7-m/nofp\libc_nano.a(libc_a-errno.o)
 .debug_frame   0x0000000000002c8c       0x2c D:/ST/STM32CubeIDE_1.13.2/STM32CubeIDE/plugins/com.st.stm32cube.ide.mcu.externaltools.gnu-tools-for-stm32.11.3.rel1.win32_1.1.1.202309131626/tools/bin/../lib/gcc/arm-none-eabi/11.3.1/../../../../arm-none-eabi/lib/thumb/v7-m/nofp\libc_nano.a(libc_a-init.o)
 .debug_frame   0x0000000000002cb8       0xb0 D:/ST/STM32CubeIDE_1.13.2/STM32CubeIDE/plugins/com.st.stm32cube.ide.mcu.externaltools.gnu-tools-for-stm32.11.3.rel1.win32_1.1.1.202309131626/tools/bin/../lib/gcc/arm-none-eabi/11.3.1/../../../../arm-none-eabi/lib/thumb/v7-m/nofp\libc_nano.a(libc_a-lock.o)
 .debug_frame   0x0000000000002d68       0x38 D:/ST/STM32CubeIDE_1.13.2/STM32CubeIDE/plugins/com.st.stm32cube.ide.mcu.externaltools.gnu-tools-for-stm32.11.3.rel1.win32_1.1.1.202309131626/tools/bin/../lib/gcc/arm-none-eabi/11.3.1/../../../../arm-none-eabi/lib/thumb/v7-m/nofp\libc_nano.a(libc_a-freer.o)

.debug_line_str
                0x0000000000000000       0x7b
 .debug_line_str
                0x0000000000000000       0x7b ./Core/Startup/startup_stm32f103c6ux.o
                                         0x93 (size before relaxing)
